Archive member included to satisfy reference by file (symbol)

/home/kama/Documents/MCUXpresso_11.2.1_4149/workspace/zegarLCD/libs/libpower_hardabi.a(fsl_power_lib.o)
                              ./drivers/fsl_clock.o (POWER_SetVoltageForFreq)
/usr/local/mcuxpressoide-11.2.1_4149/ide/plugins/com.nxp.mcuxpresso.tools.linux_11.2.0.202001021529/tools/bin/../lib/gcc/arm-none-eabi/9.2.1/../../../../arm-none-eabi/lib/thumb/v8-m.main+fp/hard/libcr_semihost_nf.a(_cr__main.o)
                              ./startup/startup_lpc55s69_cm33_core0.o (__main)
/usr/local/mcuxpressoide-11.2.1_4149/ide/plugins/com.nxp.mcuxpresso.tools.linux_11.2.0.202001021529/tools/bin/../lib/gcc/arm-none-eabi/9.2.1/../../../../arm-none-eabi/lib/thumb/v8-m.main+fp/hard/libcr_semihost_nf.a(_cr_assert.o)
                              ./utilities/fsl_debug_console.o (__assertion_failed)
/usr/local/mcuxpressoide-11.2.1_4149/ide/plugins/com.nxp.mcuxpresso.tools.linux_11.2.0.202001021529/tools/bin/../lib/gcc/arm-none-eabi/9.2.1/../../../../arm-none-eabi/lib/thumb/v8-m.main+fp/hard/libcr_semihost_nf.a(__ciob.o)
                              /usr/local/mcuxpressoide-11.2.1_4149/ide/plugins/com.nxp.mcuxpresso.tools.linux_11.2.0.202001021529/tools/bin/../lib/gcc/arm-none-eabi/9.2.1/../../../../arm-none-eabi/lib/thumb/v8-m.main+fp/hard/libcr_semihost_nf.a(_cr_assert.o) (__Ciob)
/usr/local/mcuxpressoide-11.2.1_4149/ide/plugins/com.nxp.mcuxpresso.tools.linux_11.2.0.202001021529/tools/bin/../lib/gcc/arm-none-eabi/9.2.1/../../../../arm-none-eabi/lib/thumb/v8-m.main+fp/hard/libcr_semihost_nf.a(__sys_appexit.o)
                              /usr/local/mcuxpressoide-11.2.1_4149/ide/plugins/com.nxp.mcuxpresso.tools.linux_11.2.0.202001021529/tools/bin/../lib/gcc/arm-none-eabi/9.2.1/../../../../arm-none-eabi/lib/thumb/v8-m.main+fp/hard/libcr_semihost_nf.a(_cr_assert.o) (__sys_appexit)
/usr/local/mcuxpressoide-11.2.1_4149/ide/plugins/com.nxp.mcuxpresso.tools.linux_11.2.0.202001021529/tools/bin/../lib/gcc/arm-none-eabi/9.2.1/../../../../arm-none-eabi/lib/thumb/v8-m.main+fp/hard/libcr_c.a(memcpy.o)
                              ./utilities/fsl_str.o (memcpy)
/usr/local/mcuxpressoide-11.2.1_4149/ide/plugins/com.nxp.mcuxpresso.tools.linux_11.2.0.202001021529/tools/bin/../lib/gcc/arm-none-eabi/9.2.1/../../../../arm-none-eabi/lib/thumb/v8-m.main+fp/hard/libcr_c.a(memset.o)
                              ./drivers/fsl_clock.o (memset)
/usr/local/mcuxpressoide-11.2.1_4149/ide/plugins/com.nxp.mcuxpresso.tools.linux_11.2.0.202001021529/tools/bin/../lib/gcc/arm-none-eabi/9.2.1/../../../../arm-none-eabi/lib/thumb/v8-m.main+fp/hard/libcr_c.a(_deferredlazyseek.o)
                              /usr/local/mcuxpressoide-11.2.1_4149/ide/plugins/com.nxp.mcuxpresso.tools.linux_11.2.0.202001021529/tools/bin/../lib/gcc/arm-none-eabi/9.2.1/../../../../arm-none-eabi/lib/thumb/v8-m.main+fp/hard/libcr_semihost_nf.a(_cr_assert.o) (__flsbuf)
/usr/local/mcuxpressoide-11.2.1_4149/ide/plugins/com.nxp.mcuxpresso.tools.linux_11.2.0.202001021529/tools/bin/../lib/gcc/arm-none-eabi/9.2.1/../../../../arm-none-eabi/lib/thumb/v8-m.main+fp/hard/libcr_c.a(_fflush.o)
                              /usr/local/mcuxpressoide-11.2.1_4149/ide/plugins/com.nxp.mcuxpresso.tools.linux_11.2.0.202001021529/tools/bin/../lib/gcc/arm-none-eabi/9.2.1/../../../../arm-none-eabi/lib/thumb/v8-m.main+fp/hard/libcr_c.a(_deferredlazyseek.o) (_fflush)
/usr/local/mcuxpressoide-11.2.1_4149/ide/plugins/com.nxp.mcuxpresso.tools.linux_11.2.0.202001021529/tools/bin/../lib/gcc/arm-none-eabi/9.2.1/../../../../arm-none-eabi/lib/thumb/v8-m.main+fp/hard/libcr_c.a(_writebuf.o)
                              /usr/local/mcuxpressoide-11.2.1_4149/ide/plugins/com.nxp.mcuxpresso.tools.linux_11.2.0.202001021529/tools/bin/../lib/gcc/arm-none-eabi/9.2.1/../../../../arm-none-eabi/lib/thumb/v8-m.main+fp/hard/libcr_c.a(_deferredlazyseek.o) (_Cwritebuf)
/usr/local/mcuxpressoide-11.2.1_4149/ide/plugins/com.nxp.mcuxpresso.tools.linux_11.2.0.202001021529/tools/bin/../lib/gcc/arm-none-eabi/9.2.1/../../../../arm-none-eabi/lib/thumb/v8-m.main+fp/hard/libcr_c.a(alloc.o)
                              ./drivers/fsl_common.o (malloc)
/usr/local/mcuxpressoide-11.2.1_4149/ide/plugins/com.nxp.mcuxpresso.tools.linux_11.2.0.202001021529/tools/bin/../lib/gcc/arm-none-eabi/9.2.1/../../../../arm-none-eabi/lib/thumb/v8-m.main+fp/hard/libcr_c.a(cos.o)
                              ./source/zzz.o (cos)
/usr/local/mcuxpressoide-11.2.1_4149/ide/plugins/com.nxp.mcuxpresso.tools.linux_11.2.0.202001021529/tools/bin/../lib/gcc/arm-none-eabi/9.2.1/../../../../arm-none-eabi/lib/thumb/v8-m.main+fp/hard/libcr_c.a(fputs.o)
                              /usr/local/mcuxpressoide-11.2.1_4149/ide/plugins/com.nxp.mcuxpresso.tools.linux_11.2.0.202001021529/tools/bin/../lib/gcc/arm-none-eabi/9.2.1/../../../../arm-none-eabi/lib/thumb/v8-m.main+fp/hard/libcr_semihost_nf.a(_cr_assert.o) (fputs)
[...]
Memory Configuration

Name             Origin             Length             Attributes
PROGRAM_FLASH    0x0000000000000000 0x0000000000098000 xr
SRAM             0x0000000020000000 0x0000000000040000 xrw
SRAM4            0x0000000020040000 0x0000000000004000 xrw
SRAMX            0x0000000004000000 0x0000000000008000 xrw
USB_RAM          0x0000000040100000 0x0000000000004000 xrw
*default*        0x0000000000000000 0xffffffffffffffff

Linker script and memory map

LOAD ./utilities/fsl_debug_console.o
LOAD ./utilities/fsl_str.o
LOAD ./startup/boot_multicore_slave.o
LOAD ./startup/startup_lpc55s69_cm33_core0.o
LOAD ./source/lcd.o
LOAD ./source/semihost_hardfault.o
LOAD ./source/zzz.o
LOAD ./drivers/fsl_clock.o
LOAD ./drivers/fsl_common.o
LOAD ./drivers/fsl_ctimer.o
LOAD ./drivers/fsl_flexcomm.o
LOAD ./drivers/fsl_gpio.o
LOAD ./drivers/fsl_i2c.o
LOAD ./drivers/fsl_inputmux.o
LOAD ./drivers/fsl_pint.o
LOAD ./drivers/fsl_power.o
LOAD ./drivers/fsl_reset.o
LOAD ./drivers/fsl_rtc.o
LOAD ./drivers/fsl_spi.o
LOAD ./drivers/fsl_usart.o
LOAD ./device/system_LPC55S69_cm33_core0.o
LOAD ./component/uart/usart_adapter.o
LOAD ./component/serial_manager/serial_manager.o
LOAD ./component/serial_manager/serial_port_uart.o
LOAD ./component/lists/generic_list.o
LOAD ./board/board.o
LOAD ./board/clock_config.o
LOAD ./board/peripherals.o
LOAD ./board/pin_mux.o
LOAD /home/kama/Documents/MCUXpresso_11.2.1_4149/workspace/zegarLCD/libs/libpower_hardabi.a
LOAD /home/kama/Documents/MCUXpresso_11.2.1_4149/workspace/zegarLCD/libs/libarm_ARMv8MMLldfsp_math.a
START GROUP
LOAD /usr/local/mcuxpressoide-11.2.1_4149/ide/plugins/com.nxp.mcuxpresso.tools.linux_11.2.0.202001021529/tools/bin/../lib/gcc/arm-none-eabi/9.2.1/../../../../arm-none-eabi/lib/thumb/v8-m.main+fp/hard/libcr_semihost_nf.a
LOAD /usr/local/mcuxpressoide-11.2.1_4149/ide/plugins/com.nxp.mcuxpresso.tools.linux_11.2.0.202001021529/tools/bin/../lib/gcc/arm-none-eabi/9.2.1/../../../../arm-none-eabi/lib/thumb/v8-m.main+fp/hard/libcr_c.a
LOAD /usr/local/mcuxpressoide-11.2.1_4149/ide/plugins/com.nxp.mcuxpresso.tools.linux_11.2.0.202001021529/tools/bin/../lib/gcc/arm-none-eabi/9.2.1/thumb/v8-m.main+fp/hard/libcr_eabihelpers.a
LOAD /usr/local/mcuxpressoide-11.2.1_4149/ide/plugins/com.nxp.mcuxpresso.tools.linux_11.2.0.202001021529/tools/bin/../lib/gcc/arm-none-eabi/9.2.1/thumb/v8-m.main+fp/hard/libgcc.a
END GROUP
                0x0000000000000000                __base_PROGRAM_FLASH = 0x0
                0x0000000000000000                __base_Flash = 0x0
                0x0000000000098000                __top_PROGRAM_FLASH = 0x98000
                0x0000000000098000                __top_Flash = 0x98000
                0x0000000020000000                __base_SRAM = 0x20000000
                0x0000000020000000                __base_RAM = 0x20000000
                0x0000000020040000                __top_SRAM = 0x20040000
                0x0000000020040000                __top_RAM = 0x20040000
                0x0000000020040000                __base_SRAM4 = 0x20040000
                0x0000000020040000                __base_RAM2 = 0x20040000
                0x0000000020044000                __top_SRAM4 = 0x20044000
                0x0000000020044000                __top_RAM2 = 0x20044000
                0x0000000004000000                __base_SRAMX = 0x4000000
                0x0000000004000000                __base_RAM3 = 0x4000000
                0x0000000004008000                __top_SRAMX = 0x4008000
                0x0000000004008000                __top_RAM3 = 0x4008000
                0x0000000040100000                __base_USB_RAM = 0x40100000
                0x0000000040100000                __base_RAM4 = 0x40100000
                0x0000000040104000                __top_USB_RAM = 0x40104000
                0x0000000040104000                __top_RAM4 = 0x40104000

.text           0x0000000000000000    0x102cc
 FILL mask 0xff
                0x0000000000000000                __vectors_start__ = ABSOLUTE (.)
 *(SORT_BY_ALIGNMENT(.isr_vector))
 .isr_vector    0x0000000000000000      0x130 ./startup/startup_lpc55s69_cm33_core0.o
                0x0000000000000000                __Vectors
                0x0000000000000000                g_pfnVectors
                0x0000000000000130                . = ALIGN (0x4)
                0x0000000000000130                __section_table_start = .
                0x0000000000000130                __data_section_table = .
                0x0000000000000130        0x4 LONG 0x102cc LOADADDR (.data)
                0x0000000000000134        0x4 LONG 0x20000000 ADDR (.data)
                0x0000000000000138        0x4 LONG 0x14 SIZEOF (.data)
                0x000000000000013c        0x4 LONG 0x102cc LOADADDR (.data_RAM2)
                0x0000000000000140        0x4 LONG 0x20040000 ADDR (.data_RAM2)
                0x0000000000000144        0x4 LONG 0x0 SIZEOF (.data_RAM2)
                0x0000000000000148        0x4 LONG 0x102cc LOADADDR (.data_RAM3)
                0x000000000000014c        0x4 LONG 0x4000000 ADDR (.data_RAM3)
                0x0000000000000150        0x4 LONG 0x0 SIZEOF (.data_RAM3)
                0x0000000000000154        0x4 LONG 0x102cc LOADADDR (.data_RAM4)
                0x0000000000000158        0x4 LONG 0x40100000 ADDR (.data_RAM4)
                0x000000000000015c        0x4 LONG 0x0 SIZEOF (.data_RAM4)
                0x0000000000000160                __data_section_table_end = .
                0x0000000000000160                __bss_section_table = .
                0x0000000000000160        0x4 LONG 0x20000014 ADDR (.bss)
                0x0000000000000164        0x4 LONG 0xa59c SIZEOF (.bss)
                0x0000000000000168        0x4 LONG 0x20040000 ADDR (.bss_RAM2)
                0x000000000000016c        0x4 LONG 0x0 SIZEOF (.bss_RAM2)
                0x0000000000000170        0x4 LONG 0x4000000 ADDR (.bss_RAM3)
                0x0000000000000174        0x4 LONG 0x0 SIZEOF (.bss_RAM3)
                0x0000000000000178        0x4 LONG 0x40100000 ADDR (.bss_RAM4)
                0x000000000000017c        0x4 LONG 0x0 SIZEOF (.bss_RAM4)
                0x0000000000000180                __bss_section_table_end = .
                0x0000000000000180                __section_table_end = .
 *(SORT_BY_ALIGNMENT(.after_vectors*))
 .after_vectors.reset
                0x0000000000000180       0x4c ./startup/startup_lpc55s69_cm33_core0.o
                0x0000000000000180                ResetISR
 .after_vectors.init_data
                0x00000000000001cc       0x1e ./startup/startup_lpc55s69_cm33_core0.o
                0x00000000000001cc                data_init
 .after_vectors.init_bss
                0x00000000000001ea       0x12 ./startup/startup_lpc55s69_cm33_core0.o
                0x00000000000001ea                bss_init
 .after_vectors
                0x00000000000001fc       0x16 ./startup/startup_lpc55s69_cm33_core0.o
                0x00000000000001fc                NMI_Handler
                0x0000000000000200                MemManage_Handler
                0x0000000000000202                BusFault_Handler
                0x0000000000000204                UsageFault_Handler
                0x0000000000000206                SecureFault_Handler
                0x0000000000000208                SVC_Handler
                0x000000000000020a                DebugMon_Handler
                0x000000000000020c                PendSV_Handler
                0x000000000000020e                SysTick_Handler
                0x0000000000000210                Reserved39_DriverIRQHandler
                0x0000000000000210                DMA0_DriverIRQHandler
                0x0000000000000210                Reserved42_DriverIRQHandler
                0x0000000000000210                SEC_VIO_DriverIRQHandler
                0x0000000000000210                Reserved56_DriverIRQHandler
                0x0000000000000210                IntDefaultHandler
                0x0000000000000210                USB0_DriverIRQHandler
                0x0000000000000210                CASER_DriverIRQHandler
                0x0000000000000210                MRT0_DriverIRQHandler
                0x0000000000000210                UTICK0_DriverIRQHandler
                0x0000000000000210                Reserved41_DriverIRQHandler
                0x0000000000000210                GINT1_DriverIRQHandler
                0x0000000000000210                Reserved55_DriverIRQHandler
                0x0000000000000210                HASHCRYPT_DriverIRQHandler
                0x0000000000000210                USB0_NEEDCLK_DriverIRQHandler
                0x0000000000000210                PQ_DriverIRQHandler
                0x0000000000000210                MAILBOX_DriverIRQHandler
                0x0000000000000210                Reserved61_DriverIRQHandler
                0x0000000000000210                PUF_DriverIRQHandler
                0x0000000000000210                RTC_DriverIRQHandler
                0x0000000000000210                USB1_DriverIRQHandler
                0x0000000000000210                Reserved60_DriverIRQHandler
                0x0000000000000210                DMA1_DriverIRQHandler
                0x0000000000000210                ADC0_DriverIRQHandler
                0x0000000000000210                USB1_NEEDCLK_DriverIRQHandler
                0x0000000000000210                Reserved59_DriverIRQHandler
                0x0000000000000210                SDIO_DriverIRQHandler
                0x0000000000000210                GINT0_DriverIRQHandler
                0x0000000000000210                USB1_PHY_DriverIRQHandler
                0x0000000000000210                ACMP_DriverIRQHandler
                0x0000000000000210                Reserved57_DriverIRQHandler
                0x0000000000000210                Reserved46_DriverIRQHandler
                0x0000000000000210                WDT_BOD_DriverIRQHandler
                0x0000000000000210                SCT0_DriverIRQHandler
                0x0000000000000210                PLU_DriverIRQHandler
                0x0000000000000210                OS_EVENT_DriverIRQHandler
                0x0000000000000210                SEC_HYPERVISOR_CALL_DriverIRQHandler
 *(SORT_BY_ALIGNMENT(.text*))
 *fill*         0x0000000000000212        0x6 ff
 .text.Analog_Clock
                0x0000000000000218      0x5fc ./source/zzz.o
                0x0000000000000218                Analog_Clock
 *fill*         0x0000000000000814        0x4 ff
 .text.cos      0x0000000000000818       0x68 /usr/local/mcuxpressoide-11.2.1_4149/ide/plugins/com.nxp.mcuxpresso.tools.linux_11.2.0.202001021529/tools/bin/../lib/gcc/arm-none-eabi/9.2.1/../../../../arm-none-eabi/lib/thumb/v8-m.main+fp/hard/libcr_c.a(cos.o)
                0x0000000000000818                cos
 .text._sincos  0x0000000000000880      0x20c /usr/local/mcuxpressoide-11.2.1_4149/ide/plugins/com.nxp.mcuxpresso.tools.linux_11.2.0.202001021529/tools/bin/../lib/gcc/arm-none-eabi/9.2.1/../../../../arm-none-eabi/lib/thumb/v8-m.main+fp/hard/libcr_c.a(_sincos.o)
                0x0000000000000880                _sincos
 .text.SPI_Write_Byte
                0x0000000000000a8c       0x7c ./source/lcd.o
                0x0000000000000a8c                SPI_Write_Byte
 .text.SPI_Write_Words
                0x0000000000000b08       0xd4 ./source/lcd.o
                0x0000000000000b08                SPI_Write_Words
 .text.LCD_WriteReg
                0x0000000000000bdc       0x4c ./source/lcd.o
 .text.LCD_WriteData_8Bit
                0x0000000000000c28       0x4c ./source/lcd.o
 .text.LCD_GramRefresh
                0x0000000000000c74       0x38 ./source/lcd.o
                0x0000000000000c74                LCD_GramRefresh
 .text.LCD_Init
                0x0000000000000cac       0x8c ./source/lcd.o
                0x0000000000000cac                LCD_Init
 .text.LCD_Set_Bitmap
                0x0000000000000d38       0x44 ./source/lcd.o
                0x0000000000000d38                LCD_Set_Bitmap
 .text.LCD_Clear
                0x0000000000000d7c       0x40 ./source/lcd.o
                0x0000000000000d7c                LCD_Clear
 .text.LCD_Draw_Point
                0x0000000000000dbc       0x38 ./source/lcd.o
                0x0000000000000dbc                LCD_Draw_Point
 .text.LCD_Puts
                0x0000000000000df4       0xbc ./source/lcd.o
                0x0000000000000df4                LCD_Puts
 .text.OLED_Get_Point
                0x0000000000000eb0       0x5c ./source/lcd.o
                0x0000000000000eb0                OLED_Get_Point
 .text.ENC_A_Callback
                0x0000000000000f0c      0x18c ./source/zzz.o
                0x0000000000000f0c                ENC_A_Callback
 .text.ENC_S_Callback
                0x0000000000001098       0x3c ./source/zzz.o
                0x0000000000001098                ENC_S_Callback
 .text.Digital_Clock
                0x00000000000010d4      0x100 ./source/zzz.o
                0x00000000000010d4                Digital_Clock
 .text.main     0x00000000000011d4       0x8c ./source/zzz.o
                0x00000000000011d4                main
 .text.POWER_EnablePD
                0x0000000000001260       0x20 ./drivers/fsl_clock.o
 .text.POWER_DisablePD
                0x0000000000001280       0x20 ./drivers/fsl_clock.o
 .text.CLOCK_AttachClk
                0x00000000000012a0       0x98 ./drivers/fsl_clock.o
                0x00000000000012a0                CLOCK_AttachClk
 .text.CLOCK_SetClkDiv
                0x0000000000001338       0x5c ./drivers/fsl_clock.o
                0x0000000000001338                CLOCK_SetClkDiv
 .text.CLOCK_SetupFROClocking
                0x0000000000001394       0x80 ./drivers/fsl_clock.o
                0x0000000000001394                CLOCK_SetupFROClocking
 .text.CLOCK_SetFLASHAccessCyclesForFreq
                0x0000000000001414      0x148 ./drivers/fsl_clock.o
                0x0000000000001414                CLOCK_SetFLASHAccessCyclesForFreq
 .text.CLOCK_SetupExtClocking
                0x000000000000155c       0x50 ./drivers/fsl_clock.o
                0x000000000000155c                CLOCK_SetupExtClocking
 .text.CLOCK_GetFro1MFreq
                0x00000000000015ac       0x28 ./drivers/fsl_clock.o
                0x00000000000015ac                CLOCK_GetFro1MFreq
 .text.CLOCK_GetExtClkFreq
                0x00000000000015d4       0x2c ./drivers/fsl_clock.o
                0x00000000000015d4                CLOCK_GetExtClkFreq
 .text.CLOCK_GetOsc32KFreq
                0x0000000000001600       0x58 ./drivers/fsl_clock.o
                0x0000000000001600                CLOCK_GetOsc32KFreq
 .text.CLOCK_GetPLL0InClockRate
                0x0000000000001658       0x64 ./drivers/fsl_clock.o
                0x0000000000001658                CLOCK_GetPLL0InClockRate
 .text.CLOCK_SetPLL0Freq
                0x00000000000016bc      0x12c ./drivers/fsl_clock.o
                0x00000000000016bc                CLOCK_SetPLL0Freq
 .text.SDK_DelayAtLeastUs
                0x00000000000017e8       0x90 ./drivers/fsl_common.o
                0x00000000000017e8                SDK_DelayAtLeastUs
 .text.CTIMER_GenericIRQHandler
                0x0000000000001878       0xb4 ./drivers/fsl_ctimer.o
                0x0000000000001878                CTIMER_GenericIRQHandler
 .text.FLEXCOMM_GetInstance
                0x000000000000192c       0x50 ./drivers/fsl_flexcomm.o
                0x000000000000192c                FLEXCOMM_GetInstance
 .text.FLEXCOMM_Init
                0x000000000000197c       0x50 ./drivers/fsl_flexcomm.o
                0x000000000000197c                FLEXCOMM_Init
 .text.FLEXCOMM0_DriverIRQHandler
                0x00000000000019cc       0x38 ./drivers/fsl_flexcomm.o
                0x00000000000019cc                FLEXCOMM0_DriverIRQHandler
 .text.FLEXCOMM1_DriverIRQHandler
                0x0000000000001a04       0x38 ./drivers/fsl_flexcomm.o
                0x0000000000001a04                FLEXCOMM1_DriverIRQHandler
 .text.FLEXCOMM2_DriverIRQHandler
                0x0000000000001a3c       0x38 ./drivers/fsl_flexcomm.o
                0x0000000000001a3c                FLEXCOMM2_DriverIRQHandler
 .text.FLEXCOMM3_DriverIRQHandler
                0x0000000000001a74       0x38 ./drivers/fsl_flexcomm.o
                0x0000000000001a74                FLEXCOMM3_DriverIRQHandler
 .text.FLEXCOMM4_DriverIRQHandler
                0x0000000000001aac       0x38 ./drivers/fsl_flexcomm.o
                0x0000000000001aac                FLEXCOMM4_DriverIRQHandler
 .text.FLEXCOMM5_DriverIRQHandler
                0x0000000000001ae4       0x38 ./drivers/fsl_flexcomm.o
                0x0000000000001ae4                FLEXCOMM5_DriverIRQHandler
 .text.FLEXCOMM6_DriverIRQHandler
                0x0000000000001b1c       0x38 ./drivers/fsl_flexcomm.o
                0x0000000000001b1c                FLEXCOMM6_DriverIRQHandler
 .text.FLEXCOMM7_DriverIRQHandler
                0x0000000000001b54       0x38 ./drivers/fsl_flexcomm.o
                0x0000000000001b54                FLEXCOMM7_DriverIRQHandler
 .text.FLEXCOMM8_DriverIRQHandler
                0x0000000000001b8c       0x38 ./drivers/fsl_flexcomm.o
                0x0000000000001b8c                FLEXCOMM8_DriverIRQHandler
 .text.__NVIC_EnableIRQ
                0x0000000000001bc4       0x3c ./drivers/fsl_pint.o
 .text.__NVIC_ClearPendingIRQ
                0x0000000000001c00       0x3c ./drivers/fsl_pint.o
 .text.PINT_Init
                0x0000000000001c3c       0xd4 ./drivers/fsl_pint.o
                0x0000000000001c3c                PINT_Init
 .text.PINT_PinInterruptConfig
                0x0000000000001d10       0xd0 ./drivers/fsl_pint.o
                0x0000000000001d10                PINT_PinInterruptConfig
 .text.PINT_EnableCallbackByIndex
                0x0000000000001de0       0x5c ./drivers/fsl_pint.o
                0x0000000000001de0                PINT_EnableCallbackByIndex
 .text.SEC_GPIO_INT0_IRQ0_DriverIRQHandler
                0x0000000000001e3c       0x48 ./drivers/fsl_pint.o
                0x0000000000001e3c                SEC_GPIO_INT0_IRQ0_DriverIRQHandler
 .text.SEC_GPIO_INT0_IRQ1_DriverIRQHandler
                0x0000000000001e84       0x44 ./drivers/fsl_pint.o
                0x0000000000001e84                SEC_GPIO_INT0_IRQ1_DriverIRQHandler
 .text.PIN_INT0_DriverIRQHandler
                0x0000000000001ec8       0x48 ./drivers/fsl_pint.o
                0x0000000000001ec8                PIN_INT0_DriverIRQHandler
 .text.PIN_INT1_DriverIRQHandler
                0x0000000000001f10       0x48 ./drivers/fsl_pint.o
                0x0000000000001f10                PIN_INT1_DriverIRQHandler
 .text.PIN_INT2_DriverIRQHandler
                0x0000000000001f58       0x48 ./drivers/fsl_pint.o
                0x0000000000001f58                PIN_INT2_DriverIRQHandler
 .text.PIN_INT3_DriverIRQHandler
                0x0000000000001fa0       0x48 ./drivers/fsl_pint.o
                0x0000000000001fa0                PIN_INT3_DriverIRQHandler
 .text.PIN_INT4_DriverIRQHandler
                0x0000000000001fe8       0x48 ./drivers/fsl_pint.o
                0x0000000000001fe8                PIN_INT4_DriverIRQHandler
 .text.PIN_INT5_DriverIRQHandler
                0x0000000000002030       0x48 ./drivers/fsl_pint.o
                0x0000000000002030                PIN_INT5_DriverIRQHandler
 .text.PIN_INT6_DriverIRQHandler
                0x0000000000002078       0x48 ./drivers/fsl_pint.o
                0x0000000000002078                PIN_INT6_DriverIRQHandler
 .text.PIN_INT7_DriverIRQHandler
                0x00000000000020c0       0x48 ./drivers/fsl_pint.o
                0x00000000000020c0                PIN_INT7_DriverIRQHandler
 .text.RESET_SetPeripheralReset
                0x0000000000002108       0x5c ./drivers/fsl_reset.o
                0x0000000000002108                RESET_SetPeripheralReset
 .text.RESET_ClearPeripheralReset
                0x0000000000002164       0x60 ./drivers/fsl_reset.o
                0x0000000000002164                RESET_ClearPeripheralReset
 .text.RTC_CheckDatetimeFormat
                0x00000000000021c4       0xe4 ./drivers/fsl_rtc.o
 .text.RTC_ConvertDatetimeToSeconds
                0x00000000000022a8       0xdc ./drivers/fsl_rtc.o
 .text.RTC_ConvertSecondsToDatetime
                0x0000000000002384      0x168 ./drivers/fsl_rtc.o
 .text.RTC_SetDatetime
                0x00000000000024ec       0x48 ./drivers/fsl_rtc.o
                0x00000000000024ec                RTC_SetDatetime
 .text.RTC_GetDatetime
                0x0000000000002534       0x38 ./drivers/fsl_rtc.o
                0x0000000000002534                RTC_GetDatetime
 .text.SPI_SetTransferDelay
                0x000000000000256c       0x60 ./drivers/fsl_spi.o
 .text.SPI_GetInstance
                0x00000000000025cc       0x4c ./drivers/fsl_spi.o
                0x00000000000025cc                SPI_GetInstance
 .text.SPI_SetDummyData
                0x0000000000002618       0x2c ./drivers/fsl_spi.o
                0x0000000000002618                SPI_SetDummyData
 .text.SPI_GetConfig
                0x0000000000002644       0x24 ./drivers/fsl_spi.o
                0x0000000000002644                SPI_GetConfig
 .text.SPI_MasterInit
                0x0000000000002668      0x190 ./drivers/fsl_spi.o
                0x0000000000002668                SPI_MasterInit
 .text.SPI_MasterSetBaud
                0x00000000000027f8       0x9c ./drivers/fsl_spi.o
                0x00000000000027f8                SPI_MasterSetBaud
 .text.SystemInit
                0x0000000000002894       0x64 ./device/system_LPC55S69_cm33_core0.o
                0x0000000000002894                SystemInit
 .text.BOARD_InitDebugConsole
                0x00000000000028f8       0x38 ./board/board.o
                0x00000000000028f8                BOARD_InitDebugConsole
 .text.POWER_DisablePD
                0x0000000000002930       0x20 ./board/clock_config.o
 .text.BOARD_BootClockPLL150M
                0x0000000000002950      0x194 ./board/clock_config.o
                0x0000000000002950                BOARD_BootClockPLL150M
 .text.__NVIC_SetPriority
                0x0000000000002ae4       0x54 ./board/peripherals.o
 .text.FLEXCOMM3_init
                0x0000000000002b38       0x28 ./board/peripherals.o
 .text.RTC_init
                0x0000000000002b60       0x2c ./board/peripherals.o
 .text.PINT_init
                0x0000000000002b8c       0x58 ./board/peripherals.o
 .text.BOARD_InitPins
                0x0000000000002be4      0x198 ./board/pin_mux.o
                0x0000000000002be4                BOARD_InitPins
 .text.lowpower_set_system_voltage
                0x0000000000002d7c       0xa0 /home/kama/Documents/MCUXpresso_11.2.1_4149/workspace/zegarLCD/libs/libpower_hardabi.a(fsl_power_lib.o)
 .text.lowpower_set_voltage_for_process
                0x0000000000002e1c       0x84 /home/kama/Documents/MCUXpresso_11.2.1_4149/workspace/zegarLCD/libs/libpower_hardabi.a(fsl_power_lib.o)
 .text.POWER_SetVoltageForFreq
                0x0000000000002ea0       0x84 /home/kama/Documents/MCUXpresso_11.2.1_4149/workspace/zegarLCD/libs/libpower_hardabi.a(fsl_power_lib.o)
                0x0000000000002ea0                POWER_SetVoltageForFreq
 .text.__assertion_failed
                0x0000000000002f24       0x4c /usr/local/mcuxpressoide-11.2.1_4149/ide/plugins/com.nxp.mcuxpresso.tools.linux_11.2.0.202001021529/tools/bin/../lib/gcc/arm-none-eabi/9.2.1/../../../../arm-none-eabi/lib/thumb/v8-m.main+fp/hard/libcr_semihost_nf.a(_cr_assert.o)
                0x0000000000002f24                __assertion_failed
 .text.__sys_appexit
                0x0000000000002f70        0xc /usr/local/mcuxpressoide-11.2.1_4149/ide/plugins/com.nxp.mcuxpresso.tools.linux_11.2.0.202001021529/tools/bin/../lib/gcc/arm-none-eabi/9.2.1/../../../../arm-none-eabi/lib/thumb/v8-m.main+fp/hard/libcr_semihost_nf.a(__sys_appexit.o)
                0x0000000000002f70                __exit
                0x0000000000002f70                __sys_appexit
 .text._Cwritebuf
                0x0000000000002f7c       0x6c /usr/local/mcuxpressoide-11.2.1_4149/ide/plugins/com.nxp.mcuxpresso.tools.linux_11.2.0.202001021529/tools/bin/../lib/gcc/arm-none-eabi/9.2.1/../../../../arm-none-eabi/lib/thumb/v8-m.main+fp/hard/libcr_c.a(_writebuf.o)
                0x0000000000002f7c                _Cwritebuf
 .text.malloc   0x0000000000002fe8       0xc8 /usr/local/mcuxpressoide-11.2.1_4149/ide/plugins/com.nxp.mcuxpresso.tools.linux_11.2.0.202001021529/tools/bin/../lib/gcc/arm-none-eabi/9.2.1/../../../../arm-none-eabi/lib/thumb/v8-m.main+fp/hard/libcr_c.a(alloc.o)
                0x0000000000002fe8                malloc
 .text._Csys_alloc
                0x00000000000030b0       0x20 /usr/local/mcuxpressoide-11.2.1_4149/ide/plugins/com.nxp.mcuxpresso.tools.linux_11.2.0.202001021529/tools/bin/../lib/gcc/arm-none-eabi/9.2.1/../../../../arm-none-eabi/lib/thumb/v8-m.main+fp/hard/libcr_c.a(alloc.o)
                0x00000000000030b0                _Csys_alloc
 .text.fseek    0x00000000000030d0      0x100 /usr/local/mcuxpressoide-11.2.1_4149/ide/plugins/com.nxp.mcuxpresso.tools.linux_11.2.0.202001021529/tools/bin/../lib/gcc/arm-none-eabi/9.2.1/../../../../arm-none-eabi/lib/thumb/v8-m.main+fp/hard/libcr_c.a(fseek.o)
                0x00000000000030d0                fseek
 .text.ftell    0x00000000000031d0       0x44 /usr/local/mcuxpressoide-11.2.1_4149/ide/plugins/com.nxp.mcuxpresso.tools.linux_11.2.0.202001021529/tools/bin/../lib/gcc/arm-none-eabi/9.2.1/../../../../arm-none-eabi/lib/thumb/v8-m.main+fp/hard/libcr_c.a(ftell.o)
                0x00000000000031d0                ftell
 .text._initio  0x0000000000003214       0x78 /usr/local/mcuxpressoide-11.2.1_4149/ide/plugins/com.nxp.mcuxpresso.tools.linux_11.2.0.202001021529/tools/bin/../lib/gcc/arm-none-eabi/9.2.1/../../../../arm-none-eabi/lib/thumb/v8-m.main+fp/hard/libcr_c.a(initio.o)
                0x0000000000003214                _initio
 .text.__vfprintf
                0x000000000000328c      0xcdc /usr/local/mcuxpressoide-11.2.1_4149/ide/plugins/com.nxp.mcuxpresso.tools.linux_11.2.0.202001021529/tools/bin/../lib/gcc/arm-none-eabi/9.2.1/../../../../arm-none-eabi/lib/thumb/v8-m.main+fp/hard/libcr_c.a(printf.o)
                0x000000000000328c                __vfprintf
 .text._sprintf
                0x0000000000003f68       0x6c /usr/local/mcuxpressoide-11.2.1_4149/ide/plugins/com.nxp.mcuxpresso.tools.linux_11.2.0.202001021529/tools/bin/../lib/gcc/arm-none-eabi/9.2.1/../../../../arm-none-eabi/lib/thumb/v8-m.main+fp/hard/libcr_c.a(printf.o)
                0x0000000000003f68                _sprintf
 .text._sbrk    0x0000000000003fd4       0x3c /usr/local/mcuxpressoide-11.2.1_4149/ide/plugins/com.nxp.mcuxpresso.tools.linux_11.2.0.202001021529/tools/bin/../lib/gcc/arm-none-eabi/9.2.1/../../../../arm-none-eabi/lib/thumb/v8-m.main+fp/hard/libcr_c.a(_cr_sbrk.o)
                0x0000000000003fd4                _sbrk
 .text.fflush   0x0000000000004010       0x44 /usr/local/mcuxpressoide-11.2.1_4149/ide/plugins/com.nxp.mcuxpresso.tools.linux_11.2.0.202001021529/tools/bin/../lib/gcc/arm-none-eabi/9.2.1/../../../../arm-none-eabi/lib/thumb/v8-m.main+fp/hard/libcr_c.a(fflush.o)
                0x0000000000004010                fflush
 .text.__check_heap_overflow
                0x0000000000004054       0x18 /usr/local/mcuxpressoide-11.2.1_4149/ide/plugins/com.nxp.mcuxpresso.tools.linux_11.2.0.202001021529/tools/bin/../lib/gcc/arm-none-eabi/9.2.1/../../../../arm-none-eabi/lib/thumb/v8-m.main+fp/hard/libcr_c.a(_cr_check_heap.o)
                0x0000000000004054                __check_heap_overflow
 .text.__aeabi_dmul
                0x000000000000406c      0x114 /usr/local/mcuxpressoide-11.2.1_4149/ide/plugins/com.nxp.mcuxpresso.tools.linux_11.2.0.202001021529/tools/bin/../lib/gcc/arm-none-eabi/9.2.1/thumb/v8-m.main+fp/hard/libcr_eabihelpers.a(double.o)
                0x000000000000406c                __aeabi_dmul
 .text.__aeabi_ddiv
                0x0000000000004180      0x14c /usr/local/mcuxpressoide-11.2.1_4149/ide/plugins/com.nxp.mcuxpresso.tools.linux_11.2.0.202001021529/tools/bin/../lib/gcc/arm-none-eabi/9.2.1/thumb/v8-m.main+fp/hard/libcr_eabihelpers.a(double.o)
                0x0000000000004180                __aeabi_ddiv
 .text.__aeabi_dsub
                0x00000000000042cc      0x1b0 /usr/local/mcuxpressoide-11.2.1_4149/ide/plugins/com.nxp.mcuxpresso.tools.linux_11.2.0.202001021529/tools/bin/../lib/gcc/arm-none-eabi/9.2.1/thumb/v8-m.main+fp/hard/libcr_eabihelpers.a(double.o)
                0x00000000000042cc                __aeabi_dsub
 .text.__aeabi_dadd
                0x000000000000447c      0x114 /usr/local/mcuxpressoide-11.2.1_4149/ide/plugins/com.nxp.mcuxpresso.tools.linux_11.2.0.202001021529/tools/bin/../lib/gcc/arm-none-eabi/9.2.1/thumb/v8-m.main+fp/hard/libcr_eabihelpers.a(double.o)
                0x000000000000447c                __aeabi_dadd
 .text.__aeabi_d2f
                0x0000000000004590       0x58 /usr/local/mcuxpressoide-11.2.1_4149/ide/plugins/com.nxp.mcuxpresso.tools.linux_11.2.0.202001021529/tools/bin/../lib/gcc/arm-none-eabi/9.2.1/thumb/v8-m.main+fp/hard/libcr_eabihelpers.a(double.o)
                0x0000000000004590                __aeabi_d2f
 .text.__aeabi_f2d
                0x00000000000045e8       0x38 /usr/local/mcuxpressoide-11.2.1_4149/ide/plugins/com.nxp.mcuxpresso.tools.linux_11.2.0.202001021529/tools/bin/../lib/gcc/arm-none-eabi/9.2.1/thumb/v8-m.main+fp/hard/libcr_eabihelpers.a(float.o)
                0x00000000000045e8                __aeabi_f2d
 .text.WDT_BOD_IRQHandler
                0x0000000000004620        0x8 ./startup/startup_lpc55s69_cm33_core0.o
                0x0000000000004620                WDT_BOD_IRQHandler
 .text.DMA0_IRQHandler
                0x0000000000004628        0x8 ./startup/startup_lpc55s69_cm33_core0.o
                0x0000000000004628                DMA0_IRQHandler
 .text.GINT0_IRQHandler
                0x0000000000004630        0x8 ./startup/startup_lpc55s69_cm33_core0.o
                0x0000000000004630                GINT0_IRQHandler
 .text.GINT1_IRQHandler
                0x0000000000004638        0x8 ./startup/startup_lpc55s69_cm33_core0.o
                0x0000000000004638                GINT1_IRQHandler
 .text.PIN_INT0_IRQHandler
                0x0000000000004640        0x8 ./startup/startup_lpc55s69_cm33_core0.o
                0x0000000000004640                PIN_INT0_IRQHandler
 .text.PIN_INT1_IRQHandler
                0x0000000000004648        0x8 ./startup/startup_lpc55s69_cm33_core0.o
                0x0000000000004648                PIN_INT1_IRQHandler
 .text.PIN_INT2_IRQHandler
                0x0000000000004650        0x8 ./startup/startup_lpc55s69_cm33_core0.o
                0x0000000000004650                PIN_INT2_IRQHandler
 .text.PIN_INT3_IRQHandler
                0x0000000000004658        0x8 ./startup/startup_lpc55s69_cm33_core0.o
                0x0000000000004658                PIN_INT3_IRQHandler
 .text.UTICK0_IRQHandler
                0x0000000000004660        0x8 ./startup/startup_lpc55s69_cm33_core0.o
                0x0000000000004660                UTICK0_IRQHandler
 .text.MRT0_IRQHandler
                0x0000000000004668        0x8 ./startup/startup_lpc55s69_cm33_core0.o
                0x0000000000004668                MRT0_IRQHandler
 .text.CTIMER0_IRQHandler
                0x0000000000004670        0x8 ./startup/startup_lpc55s69_cm33_core0.o
                0x0000000000004670                CTIMER0_IRQHandler
 .text.CTIMER1_IRQHandler
                0x0000000000004678        0x8 ./startup/startup_lpc55s69_cm33_core0.o
                0x0000000000004678                CTIMER1_IRQHandler
 .text.SCT0_IRQHandler
                0x0000000000004680        0x8 ./startup/startup_lpc55s69_cm33_core0.o
                0x0000000000004680                SCT0_IRQHandler
 .text.CTIMER3_IRQHandler
                0x0000000000004688        0x8 ./startup/startup_lpc55s69_cm33_core0.o
                0x0000000000004688                CTIMER3_IRQHandler
 .text.FLEXCOMM0_IRQHandler
                0x0000000000004690        0x8 ./startup/startup_lpc55s69_cm33_core0.o
                0x0000000000004690                FLEXCOMM0_IRQHandler
 .text.FLEXCOMM1_IRQHandler
                0x0000000000004698        0x8 ./startup/startup_lpc55s69_cm33_core0.o
                0x0000000000004698                FLEXCOMM1_IRQHandler
 .text.FLEXCOMM2_IRQHandler
                0x00000000000046a0        0x8 ./startup/startup_lpc55s69_cm33_core0.o
                0x00000000000046a0                FLEXCOMM2_IRQHandler
 .text.FLEXCOMM3_IRQHandler
                0x00000000000046a8        0x8 ./startup/startup_lpc55s69_cm33_core0.o
                0x00000000000046a8                FLEXCOMM3_IRQHandler
 .text.FLEXCOMM4_IRQHandler
                0x00000000000046b0        0x8 ./startup/startup_lpc55s69_cm33_core0.o
                0x00000000000046b0                FLEXCOMM4_IRQHandler
 .text.FLEXCOMM5_IRQHandler
                0x00000000000046b8        0x8 ./startup/startup_lpc55s69_cm33_core0.o
                0x00000000000046b8                FLEXCOMM5_IRQHandler
 .text.FLEXCOMM6_IRQHandler
                0x00000000000046c0        0x8 ./startup/startup_lpc55s69_cm33_core0.o
                0x00000000000046c0                FLEXCOMM6_IRQHandler
 .text.FLEXCOMM7_IRQHandler
                0x00000000000046c8        0x8 ./startup/startup_lpc55s69_cm33_core0.o
                0x00000000000046c8                FLEXCOMM7_IRQHandler
 .text.ADC0_IRQHandler
                0x00000000000046d0        0x8 ./startup/startup_lpc55s69_cm33_core0.o
                0x00000000000046d0                ADC0_IRQHandler
 .text.Reserved39_IRQHandler
                0x00000000000046d8        0x8 ./startup/startup_lpc55s69_cm33_core0.o
                0x00000000000046d8                Reserved39_IRQHandler
 .text.ACMP_IRQHandler
                0x00000000000046e0        0x8 ./startup/startup_lpc55s69_cm33_core0.o
                0x00000000000046e0                ACMP_IRQHandler
 .text.Reserved41_IRQHandler
                0x00000000000046e8        0x8 ./startup/startup_lpc55s69_cm33_core0.o
                0x00000000000046e8                Reserved41_IRQHandler
 .text.Reserved42_IRQHandler
                0x00000000000046f0        0x8 ./startup/startup_lpc55s69_cm33_core0.o
                0x00000000000046f0                Reserved42_IRQHandler
 .text.USB0_NEEDCLK_IRQHandler
                0x00000000000046f8        0x8 ./startup/startup_lpc55s69_cm33_core0.o
                0x00000000000046f8                USB0_NEEDCLK_IRQHandler
 .text.USB0_IRQHandler
                0x0000000000004700        0x8 ./startup/startup_lpc55s69_cm33_core0.o
                0x0000000000004700                USB0_IRQHandler
 .text.RTC_IRQHandler
                0x0000000000004708        0x8 ./startup/startup_lpc55s69_cm33_core0.o
                0x0000000000004708                RTC_IRQHandler
 .text.Reserved46_IRQHandler
                0x0000000000004710        0x8 ./startup/startup_lpc55s69_cm33_core0.o
                0x0000000000004710                Reserved46_IRQHandler
 .text.MAILBOX_IRQHandler
                0x0000000000004718        0x8 ./startup/startup_lpc55s69_cm33_core0.o
                0x0000000000004718                MAILBOX_IRQHandler
 .text.PIN_INT4_IRQHandler
                0x0000000000004720        0x8 ./startup/startup_lpc55s69_cm33_core0.o
                0x0000000000004720                PIN_INT4_IRQHandler
 .text.PIN_INT5_IRQHandler
                0x0000000000004728        0x8 ./startup/startup_lpc55s69_cm33_core0.o
                0x0000000000004728                PIN_INT5_IRQHandler
 .text.PIN_INT6_IRQHandler
                0x0000000000004730        0x8 ./startup/startup_lpc55s69_cm33_core0.o
                0x0000000000004730                PIN_INT6_IRQHandler
 .text.PIN_INT7_IRQHandler
                0x0000000000004738        0x8 ./startup/startup_lpc55s69_cm33_core0.o
                0x0000000000004738                PIN_INT7_IRQHandler
 .text.CTIMER2_IRQHandler
                0x0000000000004740        0x8 ./startup/startup_lpc55s69_cm33_core0.o
                0x0000000000004740                CTIMER2_IRQHandler
 .text.CTIMER4_IRQHandler
                0x0000000000004748        0x8 ./startup/startup_lpc55s69_cm33_core0.o
                0x0000000000004748                CTIMER4_IRQHandler
 .text.OS_EVENT_IRQHandler
                0x0000000000004750        0x8 ./startup/startup_lpc55s69_cm33_core0.o
                0x0000000000004750                OS_EVENT_IRQHandler
 .text.Reserved55_IRQHandler
                0x0000000000004758        0x8 ./startup/startup_lpc55s69_cm33_core0.o
                0x0000000000004758                Reserved55_IRQHandler
 .text.Reserved56_IRQHandler
                0x0000000000004760        0x8 ./startup/startup_lpc55s69_cm33_core0.o
                0x0000000000004760                Reserved56_IRQHandler
 .text.Reserved57_IRQHandler
                0x0000000000004768        0x8 ./startup/startup_lpc55s69_cm33_core0.o
                0x0000000000004768                Reserved57_IRQHandler
 .text.SDIO_IRQHandler
                0x0000000000004770        0x8 ./startup/startup_lpc55s69_cm33_core0.o
                0x0000000000004770                SDIO_IRQHandler
 .text.Reserved59_IRQHandler
                0x0000000000004778        0x8 ./startup/startup_lpc55s69_cm33_core0.o
                0x0000000000004778                Reserved59_IRQHandler
 .text.Reserved60_IRQHandler
                0x0000000000004780        0x8 ./startup/startup_lpc55s69_cm33_core0.o
                0x0000000000004780                Reserved60_IRQHandler
 .text.Reserved61_IRQHandler
                0x0000000000004788        0x8 ./startup/startup_lpc55s69_cm33_core0.o
                0x0000000000004788                Reserved61_IRQHandler
 .text.USB1_PHY_IRQHandler
                0x0000000000004790        0x8 ./startup/startup_lpc55s69_cm33_core0.o
                0x0000000000004790                USB1_PHY_IRQHandler
 .text.USB1_IRQHandler
                0x0000000000004798        0x8 ./startup/startup_lpc55s69_cm33_core0.o
                0x0000000000004798                USB1_IRQHandler
 .text.USB1_NEEDCLK_IRQHandler
                0x00000000000047a0        0x8 ./startup/startup_lpc55s69_cm33_core0.o
                0x00000000000047a0                USB1_NEEDCLK_IRQHandler
 .text.SEC_HYPERVISOR_CALL_IRQHandler
                0x00000000000047a8        0x8 ./startup/startup_lpc55s69_cm33_core0.o
                0x00000000000047a8                SEC_HYPERVISOR_CALL_IRQHandler
 .text.SEC_GPIO_INT0_IRQ0_IRQHandler
                0x00000000000047b0        0x8 ./startup/startup_lpc55s69_cm33_core0.o
                0x00000000000047b0                SEC_GPIO_INT0_IRQ0_IRQHandler
 .text.SEC_GPIO_INT0_IRQ1_IRQHandler
                0x00000000000047b8        0x8 ./startup/startup_lpc55s69_cm33_core0.o
                0x00000000000047b8                SEC_GPIO_INT0_IRQ1_IRQHandler
 .text.PLU_IRQHandler
                0x00000000000047c0        0x8 ./startup/startup_lpc55s69_cm33_core0.o
                0x00000000000047c0                PLU_IRQHandler
 .text.SEC_VIO_IRQHandler
                0x00000000000047c8        0x8 ./startup/startup_lpc55s69_cm33_core0.o
                0x00000000000047c8                SEC_VIO_IRQHandler
 .text.HASHCRYPT_IRQHandler
                0x00000000000047d0        0x8 ./startup/startup_lpc55s69_cm33_core0.o
                0x00000000000047d0                HASHCRYPT_IRQHandler
 .text.CASER_IRQHandler
                0x00000000000047d8        0x8 ./startup/startup_lpc55s69_cm33_core0.o
                0x00000000000047d8                CASER_IRQHandler
 .text.PUF_IRQHandler
                0x00000000000047e0        0x8 ./startup/startup_lpc55s69_cm33_core0.o
                0x00000000000047e0                PUF_IRQHandler
 .text.PQ_IRQHandler
                0x00000000000047e8        0x8 ./startup/startup_lpc55s69_cm33_core0.o
                0x00000000000047e8                PQ_IRQHandler
 .text.DMA1_IRQHandler
                0x00000000000047f0        0x8 ./startup/startup_lpc55s69_cm33_core0.o
                0x00000000000047f0                DMA1_IRQHandler
 .text.FLEXCOMM8_IRQHandler
                0x00000000000047f8        0x8 ./startup/startup_lpc55s69_cm33_core0.o
                0x00000000000047f8                FLEXCOMM8_IRQHandler
 .text.GPIO_PinWrite
                0x0000000000004800       0x2a ./source/lcd.o
 .text.Driver_Delay_ms
                0x000000000000482a       0x30 ./source/lcd.o
                0x000000000000482a                Driver_Delay_ms
 .text.LCD_InitReg
                0x000000000000485a      0x1d0 ./source/lcd.o
 .text.LCD_SetHome
                0x0000000000004a2a       0x4a ./source/lcd.o
                0x0000000000004a2a                LCD_SetHome
 .text.LCD_Draw_Line
                0x0000000000004a74      0x194 ./source/lcd.o
                0x0000000000004a74                LCD_Draw_Line
 .text.LCD_Invert_Rect
                0x0000000000004c08       0x7c ./source/lcd.o
                0x0000000000004c08                LCD_Invert_Rect
 .text.HardFault_Handler
                0x0000000000004c84       0x2c ./source/semihost_hardfault.o
                0x0000000000004c84                HardFault_Handler
 .text.GPIO_PinRead
                0x0000000000004cb0       0x28 ./source/zzz.o
 .text.CLOCK_IsPLL0Locked
                0x0000000000004cd8       0x24 ./drivers/fsl_clock.o
 .text.findPll0PreDiv
                0x0000000000004cfc       0x3e ./drivers/fsl_clock.o
 .text.DelayLoop
                0x0000000000004d3a       0x20 ./drivers/fsl_common.o
 .text.CTIMER_GetStatusFlags
                0x0000000000004d5a       0x18 ./drivers/fsl_ctimer.o
 .text.CTIMER_ClearStatusFlags
                0x0000000000004d72       0x1c ./drivers/fsl_ctimer.o
 .text.CTIMER0_DriverIRQHandler
                0x0000000000004d8e        0xe ./drivers/fsl_ctimer.o
                0x0000000000004d8e                CTIMER0_DriverIRQHandler
 .text.CTIMER1_DriverIRQHandler
                0x0000000000004d9c        0xe ./drivers/fsl_ctimer.o
                0x0000000000004d9c                CTIMER1_DriverIRQHandler
 .text.CTIMER2_DriverIRQHandler
                0x0000000000004daa        0xe ./drivers/fsl_ctimer.o
                0x0000000000004daa                CTIMER2_DriverIRQHandler
 .text.CTIMER3_DriverIRQHandler
                0x0000000000004db8        0xe ./drivers/fsl_ctimer.o
                0x0000000000004db8                CTIMER3_DriverIRQHandler
 .text.CTIMER4_DriverIRQHandler
                0x0000000000004dc6        0xe ./drivers/fsl_ctimer.o
                0x0000000000004dc6                CTIMER4_DriverIRQHandler
 .text.CLOCK_EnableClock
                0x0000000000004dd4       0x30 ./drivers/fsl_flexcomm.o
 .text.FLEXCOMM_PeripheralIsPresent
                0x0000000000004e04       0x64 ./drivers/fsl_flexcomm.o
 .text.FLEXCOMM_SetPeriph
                0x0000000000004e68       0x74 ./drivers/fsl_flexcomm.o
 .text.GPIO_PinInit
                0x0000000000004edc       0xa0 ./drivers/fsl_gpio.o
                0x0000000000004edc                GPIO_PinInit
 .text.INPUTMUX_AttachSignal
                0x0000000000004f7c       0x38 ./drivers/fsl_inputmux.o
                0x0000000000004f7c                INPUTMUX_AttachSignal
 .text.CLOCK_EnableClock
                0x0000000000004fb4       0x30 ./drivers/fsl_pint.o
 .text.EnableIRQ
                0x0000000000004fe4       0x2c ./drivers/fsl_pint.o
 .text.PINT_PinInterruptClrFallFlag
                0x0000000000005010       0x22 ./drivers/fsl_pint.o
 .text.PINT_PinInterruptClrRiseFlag
                0x0000000000005032       0x22 ./drivers/fsl_pint.o
 .text.PINT_PatternMatchResetDetectLogic
                0x0000000000005054       0x34 ./drivers/fsl_pint.o
                0x0000000000005054                PINT_PatternMatchResetDetectLogic
 .text.PINT_PinInterruptClrStatus
                0x0000000000005088       0x4e ./drivers/fsl_pint.o
                0x0000000000005088                PINT_PinInterruptClrStatus
 .text.RESET_PeripheralReset
                0x00000000000050d6       0x1c ./drivers/fsl_reset.o
                0x00000000000050d6                RESET_PeripheralReset
 .text.CLOCK_EnableClock
                0x00000000000050f2       0x30 ./drivers/fsl_rtc.o
 .text.RTC_GetSecondsTimerCount
                0x0000000000005122       0x2a ./drivers/fsl_rtc.o
 .text.RTC_Init
                0x000000000000514c       0x34 ./drivers/fsl_rtc.o
                0x000000000000514c                RTC_Init
 .text.SPI_Enable
                0x0000000000005180       0x40 ./drivers/fsl_spi.o
 .text.SystemInitHook
                0x00000000000051c0        0xe ./device/system_LPC55S69_cm33_core0.o
                0x00000000000051c0                SystemInitHook
 .text.DbgConsole_Init
                0x00000000000051ce       0x20 ./board/board.o
 .text.BOARD_InitBootClocks
                0x00000000000051ee        0xc ./board/clock_config.o
                0x00000000000051ee                BOARD_InitBootClocks
 .text.RTC_StartTimer
                0x00000000000051fa       0x20 ./board/peripherals.o
 .text.RTC_StopTimer
                0x000000000000521a       0x20 ./board/peripherals.o
 .text.BOARD_InitPeripherals
                0x000000000000523a       0x14 ./board/peripherals.o
                0x000000000000523a                BOARD_InitPeripherals
 .text.BOARD_InitBootPeripherals
                0x000000000000524e        0xc ./board/peripherals.o
                0x000000000000524e                BOARD_InitBootPeripherals
 .text.CLOCK_EnableClock
                0x000000000000525a       0x30 ./board/pin_mux.o
 .text.IOCON_PinMuxSet
                0x000000000000528a       0x2e ./board/pin_mux.o
 .text.BOARD_InitBootPins
                0x00000000000052b8        0xc ./board/pin_mux.o
                0x00000000000052b8                BOARD_InitBootPins
 .text.__main   0x00000000000052c4        0xe /usr/local/mcuxpressoide-11.2.1_4149/ide/plugins/com.nxp.mcuxpresso.tools.linux_11.2.0.202001021529/tools/bin/../lib/gcc/arm-none-eabi/9.2.1/../../../../arm-none-eabi/lib/thumb/v8-m.main+fp/hard/libcr_semihost_nf.a(_cr__main.o)
                0x00000000000052c4                __main
                0x00000000000052c4                __CR_SEMIHOST
 .text.memset   0x00000000000052d2        0x4 /usr/local/mcuxpressoide-11.2.1_4149/ide/plugins/com.nxp.mcuxpresso.tools.linux_11.2.0.202001021529/tools/bin/../lib/gcc/arm-none-eabi/9.2.1/../../../../arm-none-eabi/lib/thumb/v8-m.main+fp/hard/libcr_c.a(memset.o)
                0x00000000000052d2                memset
 .text._deferredlazyseek
                0x00000000000052d6       0x40 /usr/local/mcuxpressoide-11.2.1_4149/ide/plugins/com.nxp.mcuxpresso.tools.linux_11.2.0.202001021529/tools/bin/../lib/gcc/arm-none-eabi/9.2.1/../../../../arm-none-eabi/lib/thumb/v8-m.main+fp/hard/libcr_c.a(_deferredlazyseek.o)
                0x00000000000052d6                _deferredlazyseek
 .text.__flsbuf
                0x0000000000005316      0x140 /usr/local/mcuxpressoide-11.2.1_4149/ide/plugins/com.nxp.mcuxpresso.tools.linux_11.2.0.202001021529/tools/bin/../lib/gcc/arm-none-eabi/9.2.1/../../../../arm-none-eabi/lib/thumb/v8-m.main+fp/hard/libcr_c.a(_deferredlazyseek.o)
                0x0000000000005316                __flsbuf
 .text._fflush  0x0000000000005456       0x52 /usr/local/mcuxpressoide-11.2.1_4149/ide/plugins/com.nxp.mcuxpresso.tools.linux_11.2.0.202001021529/tools/bin/../lib/gcc/arm-none-eabi/9.2.1/../../../../arm-none-eabi/lib/thumb/v8-m.main+fp/hard/libcr_c.a(_fflush.o)
                0x0000000000005456                _fflush
 .text.free     0x00000000000054a8       0x30 /usr/local/mcuxpressoide-11.2.1_4149/ide/plugins/com.nxp.mcuxpresso.tools.linux_11.2.0.202001021529/tools/bin/../lib/gcc/arm-none-eabi/9.2.1/../../../../arm-none-eabi/lib/thumb/v8-m.main+fp/hard/libcr_c.a(alloc.o)
                0x00000000000054a8                free
 .text.fputs    0x00000000000054d8       0x2c /usr/local/mcuxpressoide-11.2.1_4149/ide/plugins/com.nxp.mcuxpresso.tools.linux_11.2.0.202001021529/tools/bin/../lib/gcc/arm-none-eabi/9.2.1/../../../../arm-none-eabi/lib/thumb/v8-m.main+fp/hard/libcr_c.a(fputs.o)
                0x00000000000054d8                fputs
 .text.no_fp_display
                0x0000000000005504        0x4 /usr/local/mcuxpressoide-11.2.1_4149/ide/plugins/com.nxp.mcuxpresso.tools.linux_11.2.0.202001021529/tools/bin/../lib/gcc/arm-none-eabi/9.2.1/../../../../arm-none-eabi/lib/thumb/v8-m.main+fp/hard/libcr_c.a(printf.o)
 .text.setvbuf  0x0000000000005508       0x3e /usr/local/mcuxpressoide-11.2.1_4149/ide/plugins/com.nxp.mcuxpresso.tools.linux_11.2.0.202001021529/tools/bin/../lib/gcc/arm-none-eabi/9.2.1/../../../../arm-none-eabi/lib/thumb/v8-m.main+fp/hard/libcr_c.a(setvbuf.o)
                0x0000000000005508                setvbuf
 .text.sin      0x0000000000005546       0x40 /usr/local/mcuxpressoide-11.2.1_4149/ide/plugins/com.nxp.mcuxpresso.tools.linux_11.2.0.202001021529/tools/bin/../lib/gcc/arm-none-eabi/9.2.1/../../../../arm-none-eabi/lib/thumb/v8-m.main+fp/hard/libcr_c.a(sin.o)
                0x0000000000005546                sin
 .text.abs      0x0000000000005586        0x8 /usr/local/mcuxpressoide-11.2.1_4149/ide/plugins/com.nxp.mcuxpresso.tools.linux_11.2.0.202001021529/tools/bin/../lib/gcc/arm-none-eabi/9.2.1/../../../../arm-none-eabi/lib/thumb/v8-m.main+fp/hard/libcr_c.a(stdlib.o)
                0x0000000000005586                abs
 .text.strlen   0x000000000000558e       0x4c /usr/local/mcuxpressoide-11.2.1_4149/ide/plugins/com.nxp.mcuxpresso.tools.linux_11.2.0.202001021529/tools/bin/../lib/gcc/arm-none-eabi/9.2.1/../../../../arm-none-eabi/lib/thumb/v8-m.main+fp/hard/libcr_c.a(strlen.o)
                0x000000000000558e                strlen
 .text._fdopen  0x00000000000055da       0x68 /usr/local/mcuxpressoide-11.2.1_4149/ide/plugins/com.nxp.mcuxpresso.tools.linux_11.2.0.202001021529/tools/bin/../lib/gcc/arm-none-eabi/9.2.1/../../../../arm-none-eabi/lib/thumb/v8-m.main+fp/hard/libcr_c.a(_fdopen.o)
                0x00000000000055da                _fdopen
 .text.fabs     0x0000000000005642       0x22 /usr/local/mcuxpressoide-11.2.1_4149/ide/plugins/com.nxp.mcuxpresso.tools.linux_11.2.0.202001021529/tools/bin/../lib/gcc/arm-none-eabi/9.2.1/../../../../arm-none-eabi/lib/thumb/v8-m.main+fp/hard/libcr_c.a(fabs.o)
                0x0000000000005642                fabs
 .text.fclose   0x0000000000005664       0x58 /usr/local/mcuxpressoide-11.2.1_4149/ide/plugins/com.nxp.mcuxpresso.tools.linux_11.2.0.202001021529/tools/bin/../lib/gcc/arm-none-eabi/9.2.1/../../../../arm-none-eabi/lib/thumb/v8-m.main+fp/hard/libcr_c.a(fclose.o)
                0x0000000000005664                fclose
 .text.remove   0x00000000000056bc       0x14 /usr/local/mcuxpressoide-11.2.1_4149/ide/plugins/com.nxp.mcuxpresso.tools.linux_11.2.0.202001021529/tools/bin/../lib/gcc/arm-none-eabi/9.2.1/../../../../arm-none-eabi/lib/thumb/v8-m.main+fp/hard/libcr_c.a(remove.o)
                0x00000000000056bc                remove
 .text._do_fflush
                0x00000000000056d0       0x40 /usr/local/mcuxpressoide-11.2.1_4149/ide/plugins/com.nxp.mcuxpresso.tools.linux_11.2.0.202001021529/tools/bin/../lib/gcc/arm-none-eabi/9.2.1/../../../../arm-none-eabi/lib/thumb/v8-m.main+fp/hard/libcr_c.a(_do_fflush.o)
                0x00000000000056d0                _do_fflush
 .text.__aeabi_division_uldivmod
                0x0000000000005710      0x174 /usr/local/mcuxpressoide-11.2.1_4149/ide/plugins/com.nxp.mcuxpresso.tools.linux_11.2.0.202001021529/tools/bin/../lib/gcc/arm-none-eabi/9.2.1/thumb/v8-m.main+fp/hard/libcr_eabihelpers.a(division_64.o)
                0x0000000000005710                __aeabi_uldivmod
                0x0000000000005714                __bhs_ldivmod1
 .text.__aeabi_division_idiv0
                0x0000000000005884        0x2 /usr/local/mcuxpressoide-11.2.1_4149/ide/plugins/com.nxp.mcuxpresso.tools.linux_11.2.0.202001021529/tools/bin/../lib/gcc/arm-none-eabi/9.2.1/thumb/v8-m.main+fp/hard/libcr_eabihelpers.a(division_idiv0.o)
                0x0000000000005884                __aeabi_idiv0
 .text.__aeabi_d2iz
                0x0000000000005886       0x40 /usr/local/mcuxpressoide-11.2.1_4149/ide/plugins/com.nxp.mcuxpresso.tools.linux_11.2.0.202001021529/tools/bin/../lib/gcc/arm-none-eabi/9.2.1/thumb/v8-m.main+fp/hard/libcr_eabihelpers.a(double.o)
                0x0000000000005886                __aeabi_d2iz
 .text.__aeabi_d2uiz
                0x00000000000058c6       0x30 /usr/local/mcuxpressoide-11.2.1_4149/ide/plugins/com.nxp.mcuxpresso.tools.linux_11.2.0.202001021529/tools/bin/../lib/gcc/arm-none-eabi/9.2.1/thumb/v8-m.main+fp/hard/libcr_eabihelpers.a(double.o)
                0x00000000000058c6                __aeabi_d2uiz
 .text.__bhs_ui2d
                0x00000000000058f6       0x46 /usr/local/mcuxpressoide-11.2.1_4149/ide/plugins/com.nxp.mcuxpresso.tools.linux_11.2.0.202001021529/tools/bin/../lib/gcc/arm-none-eabi/9.2.1/thumb/v8-m.main+fp/hard/libcr_eabihelpers.a(double.o)
                0x00000000000058f6                __bhs_ui2d
 .text.__aeabi_i2d
                0x000000000000593c       0x12 /usr/local/mcuxpressoide-11.2.1_4149/ide/plugins/com.nxp.mcuxpresso.tools.linux_11.2.0.202001021529/tools/bin/../lib/gcc/arm-none-eabi/9.2.1/thumb/v8-m.main+fp/hard/libcr_eabihelpers.a(double.o)
                0x000000000000593c                __aeabi_i2d
 .text.__aeabi_dcmplt
                0x000000000000594e       0x56 /usr/local/mcuxpressoide-11.2.1_4149/ide/plugins/com.nxp.mcuxpresso.tools.linux_11.2.0.202001021529/tools/bin/../lib/gcc/arm-none-eabi/9.2.1/thumb/v8-m.main+fp/hard/libcr_eabihelpers.a(double.o)
                0x000000000000594e                __aeabi_dcmplt
 .text.__aeabi_dcmpge
                0x00000000000059a4       0x5c /usr/local/mcuxpressoide-11.2.1_4149/ide/plugins/com.nxp.mcuxpresso.tools.linux_11.2.0.202001021529/tools/bin/../lib/gcc/arm-none-eabi/9.2.1/thumb/v8-m.main+fp/hard/libcr_eabihelpers.a(double.o)
                0x00000000000059a4                __aeabi_dcmpge
 .text.__aeabi_memset_lowlevel
                0x0000000000005a00       0x32 /usr/local/mcuxpressoide-11.2.1_4149/ide/plugins/com.nxp.mcuxpresso.tools.linux_11.2.0.202001021529/tools/bin/../lib/gcc/arm-none-eabi/9.2.1/thumb/v8-m.main+fp/hard/libcr_eabihelpers.a(memcpy.o)
                0x0000000000005a00                __aeabi_lowlevel_memset
 .text.__sys_close
                0x0000000000005a32        0xc /usr/local/mcuxpressoide-11.2.1_4149/ide/plugins/com.nxp.mcuxpresso.tools.linux_11.2.0.202001021529/tools/bin/../lib/gcc/arm-none-eabi/9.2.1/../../../../arm-none-eabi/lib/thumb/v8-m.main+fp/hard/libcr_semihost_nf.a(__sys_close.o)
                0x0000000000005a32                __sys_close
 .text.__sys_flen
                0x0000000000005a3e        0xc /usr/local/mcuxpressoide-11.2.1_4149/ide/plugins/com.nxp.mcuxpresso.tools.linux_11.2.0.202001021529/tools/bin/../lib/gcc/arm-none-eabi/9.2.1/../../../../arm-none-eabi/lib/thumb/v8-m.main+fp/hard/libcr_semihost_nf.a(__sys_flen.o)
                0x0000000000005a3e                __sys_flen
 .text.__sys_istty
                0x0000000000005a4a        0xc /usr/local/mcuxpressoide-11.2.1_4149/ide/plugins/com.nxp.mcuxpresso.tools.linux_11.2.0.202001021529/tools/bin/../lib/gcc/arm-none-eabi/9.2.1/../../../../arm-none-eabi/lib/thumb/v8-m.main+fp/hard/libcr_semihost_nf.a(__sys_istty.o)
                0x0000000000005a4a                __sys_istty
 .text.__sys_remove
                0x0000000000005a56        0xc /usr/local/mcuxpressoide-11.2.1_4149/ide/plugins/com.nxp.mcuxpresso.tools.linux_11.2.0.202001021529/tools/bin/../lib/gcc/arm-none-eabi/9.2.1/../../../../arm-none-eabi/lib/thumb/v8-m.main+fp/hard/libcr_semihost_nf.a(__sys_remove.o)
                0x0000000000005a56                __sys_remove
 .text.__sys_seek
                0x0000000000005a62        0xc /usr/local/mcuxpressoide-11.2.1_4149/ide/plugins/com.nxp.mcuxpresso.tools.linux_11.2.0.202001021529/tools/bin/../lib/gcc/arm-none-eabi/9.2.1/../../../../arm-none-eabi/lib/thumb/v8-m.main+fp/hard/libcr_semihost_nf.a(__sys_seek.o)
                0x0000000000005a62                __sys_seek
 .text.__sys_tmpnam
                0x0000000000005a6e        0xc /usr/local/mcuxpressoide-11.2.1_4149/ide/plugins/com.nxp.mcuxpresso.tools.linux_11.2.0.202001021529/tools/bin/../lib/gcc/arm-none-eabi/9.2.1/../../../../arm-none-eabi/lib/thumb/v8-m.main+fp/hard/libcr_semihost_nf.a(__sys_tmpnam.o)
                0x0000000000005a6e                __sys_tmpnam
 .text.__sys_write
                0x0000000000005a7a        0xc /usr/local/mcuxpressoide-11.2.1_4149/ide/plugins/com.nxp.mcuxpresso.tools.linux_11.2.0.202001021529/tools/bin/../lib/gcc/arm-none-eabi/9.2.1/../../../../arm-none-eabi/lib/thumb/v8-m.main+fp/hard/libcr_semihost_nf.a(__sys_write.o)
                0x0000000000005a7a                __sys_write
 *(SORT_BY_ALIGNMENT(.rodata) SORT_BY_ALIGNMENT(.rodata.*) SORT_BY_ALIGNMENT(.constdata) SORT_BY_ALIGNMENT(.constdata.*))
 *fill*         0x0000000000005a86        0x2 ff
 .rodata.FontSystem5x8
                0x0000000000005a88      0x1e5 ./source/lcd.o
                0x0000000000005a88                FontSystem5x8
 *fill*         0x0000000000005c6d        0x3 ff
 .rodata.KI_Logo_160x128
                0x0000000000005c70     0xa000 ./source/zzz.o
                0x0000000000005c70                KI_Logo_160x128
 .rodata.set_datetime
                0x000000000000fc70       0x70 ./source/zzz.o
                0x000000000000fc70                set_datetime
 .rodata.Digital_Clock.str1.4
                0x000000000000fce0       0x1f ./source/zzz.o
 *fill*         0x000000000000fcff        0x1 ff
 .rodata.SDK_DelayAtLeastUs.str1.4
                0x000000000000fd00       0x4c ./drivers/fsl_common.o
 .rodata.s_ctimerBases
                0x000000000000fd4c       0x14 ./drivers/fsl_ctimer.o
 .rodata.s_flexcommBaseAddrs
                0x000000000000fd60       0x24 ./drivers/fsl_flexcomm.o
 .rodata.s_flexcommClocks
                0x000000000000fd84       0x12 ./drivers/fsl_flexcomm.o
 *fill*         0x000000000000fd96        0x2 ff
 .rodata.s_flexcommResets
                0x000000000000fd98       0x24 ./drivers/fsl_flexcomm.o
 .rodata.FLEXCOMM_GetInstance.str1.4
                0x000000000000fdbc       0x39 ./drivers/fsl_flexcomm.o
 *fill*         0x000000000000fdf5        0x3 ff
 .rodata.FLEXCOMM0_DriverIRQHandler.str1.4
                0x000000000000fdf8       0x2e ./drivers/fsl_flexcomm.o
 *fill*         0x000000000000fe26        0x2 ff
 .rodata.FLEXCOMM1_DriverIRQHandler.str1.4
                0x000000000000fe28       0x2e ./drivers/fsl_flexcomm.o
 *fill*         0x000000000000fe56        0x2 ff
 .rodata.FLEXCOMM2_DriverIRQHandler.str1.4
                0x000000000000fe58       0x2e ./drivers/fsl_flexcomm.o
 *fill*         0x000000000000fe86        0x2 ff
 .rodata.FLEXCOMM3_DriverIRQHandler.str1.4
                0x000000000000fe88       0x2e ./drivers/fsl_flexcomm.o
 *fill*         0x000000000000feb6        0x2 ff
 .rodata.FLEXCOMM4_DriverIRQHandler.str1.4
                0x000000000000feb8       0x2e ./drivers/fsl_flexcomm.o
 *fill*         0x000000000000fee6        0x2 ff
 .rodata.FLEXCOMM5_DriverIRQHandler.str1.4
                0x000000000000fee8       0x2e ./drivers/fsl_flexcomm.o
 *fill*         0x000000000000ff16        0x2 ff
 .rodata.FLEXCOMM6_DriverIRQHandler.str1.4
                0x000000000000ff18       0x2e ./drivers/fsl_flexcomm.o
 *fill*         0x000000000000ff46        0x2 ff
 .rodata.FLEXCOMM7_DriverIRQHandler.str1.4
                0x000000000000ff48       0x2e ./drivers/fsl_flexcomm.o
 *fill*         0x000000000000ff76        0x2 ff
 .rodata.FLEXCOMM8_DriverIRQHandler.str1.4
                0x000000000000ff78       0x2e ./drivers/fsl_flexcomm.o
 *fill*         0x000000000000ffa6        0x2 ff
 .rodata.s_pintIRQ
                0x000000000000ffa8        0xa ./drivers/fsl_pint.o
 *fill*         0x000000000000ffb2        0x2 ff
 .rodata.PINT_Init.str1.4
                0x000000000000ffb4       0x1e ./drivers/fsl_pint.o
 *fill*         0x000000000000ffd2        0x2 ff
 .rodata.PINT_PinInterruptConfig.str1.4
                0x000000000000ffd4       0x1f ./drivers/fsl_pint.o
 *fill*         0x000000000000fff3        0x1 ff
 .rodata.PINT_EnableCallbackByIndex.str1.4
                0x000000000000fff4       0x1f ./drivers/fsl_pint.o
 *fill*         0x0000000000010013        0x1 ff
 .rodata.RESET_SetPeripheralReset.str1.4
                0x0000000000010014       0x1f ./drivers/fsl_reset.o
 *fill*         0x0000000000010033        0x1 ff
 .rodata.RESET_ClearPeripheralReset.str1.4
                0x0000000000010034       0x1f ./drivers/fsl_reset.o
 *fill*         0x0000000000010053        0x1 ff
 .rodata.RTC_CheckDatetimeFormat.str1.4
                0x0000000000010054       0x19 ./drivers/fsl_rtc.o
 *fill*         0x000000000001006d        0x3 ff
 .rodata        0x0000000000010070       0x2a ./drivers/fsl_rtc.o
 *fill*         0x000000000001009a        0x2 ff
 .rodata.RTC_ConvertDatetimeToSeconds.str1.4
                0x000000000001009c       0x19 ./drivers/fsl_rtc.o
 *fill*         0x00000000000100b5        0x3 ff
 .rodata.RTC_ConvertSecondsToDatetime.str1.4
                0x00000000000100b8       0x1a ./drivers/fsl_rtc.o
 *fill*         0x00000000000100d2        0x2 ff
 .rodata.RTC_SetDatetime.str1.4
                0x00000000000100d4       0x1a ./drivers/fsl_rtc.o
 *fill*         0x00000000000100ee        0x2 ff
 .rodata.RTC_GetDatetime.str1.4
                0x00000000000100f0       0x1a ./drivers/fsl_rtc.o
 *fill*         0x000000000001010a        0x2 ff
 .rodata.SPI_SetTransferDelay.str1.4
                0x000000000001010c       0x40 ./drivers/fsl_spi.o
 .rodata.s_spiBaseAddrs
                0x000000000001014c       0x24 ./drivers/fsl_spi.o
 .rodata.SPI_GetInstance.str1.4
                0x0000000000010170       0x2e ./drivers/fsl_spi.o
 *fill*         0x000000000001019e        0x2 ff
 .rodata.SPI_MasterInit.str1.4
                0x00000000000101a0       0x4e ./drivers/fsl_spi.o
 *fill*         0x00000000000101ee        0x2 ff
 .rodata.SPI_MasterSetBaud.str1.4
                0x00000000000101f0       0x52 ./drivers/fsl_spi.o
 *fill*         0x0000000000010242        0x2 ff
 .rodata.FLEXCOMM3_config
                0x0000000000010244       0x18 ./board/peripherals.o
                0x0000000000010244                FLEXCOMM3_config
 .rodata        0x000000000001025c        0x2 ./board/pin_mux.o
 *fill*         0x000000000001025e        0x2 ff
 .rodata.__num_Ciob_streams
                0x0000000000010260        0x4 /usr/local/mcuxpressoide-11.2.1_4149/ide/plugins/com.nxp.mcuxpresso.tools.linux_11.2.0.202001021529/tools/bin/../lib/gcc/arm-none-eabi/9.2.1/../../../../arm-none-eabi/lib/thumb/v8-m.main+fp/hard/libcr_semihost_nf.a(__ciob.o)
                0x0000000000010260                __num_Ciob_streams
 .rodata.__assertion_failed.str1.1
                0x0000000000010264       0x15 /usr/local/mcuxpressoide-11.2.1_4149/ide/plugins/com.nxp.mcuxpresso.tools.linux_11.2.0.202001021529/tools/bin/../lib/gcc/arm-none-eabi/9.2.1/../../../../arm-none-eabi/lib/thumb/v8-m.main+fp/hard/libcr_semihost_nf.a(_cr_assert.o)
 .rodata._Csys_alloc.str1.1
                0x0000000000010279       0x18 /usr/local/mcuxpressoide-11.2.1_4149/ide/plugins/com.nxp.mcuxpresso.tools.linux_11.2.0.202001021529/tools/bin/../lib/gcc/arm-none-eabi/9.2.1/../../../../arm-none-eabi/lib/thumb/v8-m.main+fp/hard/libcr_c.a(alloc.o)
 .rodata._initio.str1.1
                0x0000000000010291        0x4 /usr/local/mcuxpressoide-11.2.1_4149/ide/plugins/com.nxp.mcuxpresso.tools.linux_11.2.0.202001021529/tools/bin/../lib/gcc/arm-none-eabi/9.2.1/../../../../arm-none-eabi/lib/thumb/v8-m.main+fp/hard/libcr_c.a(initio.o)
 .rodata.__vfprintf.str1.1
                0x0000000000010295       0x35 /usr/local/mcuxpressoide-11.2.1_4149/ide/plugins/com.nxp.mcuxpresso.tools.linux_11.2.0.202001021529/tools/bin/../lib/gcc/arm-none-eabi/9.2.1/../../../../arm-none-eabi/lib/thumb/v8-m.main+fp/hard/libcr_c.a(printf.o)
                                         0x38 (size before relaxing)
                0x00000000000102cc                . = ALIGN (0x4)
 *fill*         0x00000000000102ca        0x2 ff

.glue_7         0x00000000000102cc        0x0
 .glue_7        0x00000000000102cc        0x0 linker stubs

.glue_7t        0x00000000000102cc        0x0
 .glue_7t       0x00000000000102cc        0x0 linker stubs

.vfp11_veneer   0x00000000000102cc        0x0
 .vfp11_veneer  0x00000000000102cc        0x0 linker stubs

.v4_bx          0x00000000000102cc        0x0
 .v4_bx         0x00000000000102cc        0x0 linker stubs

.iplt           0x00000000000102cc        0x0
 .iplt          0x00000000000102cc        0x0 ./startup/startup_lpc55s69_cm33_core0.o

.rel.dyn        0x00000000000102cc        0x0
 .rel.iplt      0x00000000000102cc        0x0 ./startup/startup_lpc55s69_cm33_core0.o

.ARM.extab
 *(SORT_BY_ALIGNMENT(.ARM.extab*) SORT_BY_ALIGNMENT(.gnu.linkonce.armextab.*))

.ARM.exidx      0x00000000000102cc        0x0
                0x00000000000102cc                __exidx_start = .
 *(SORT_BY_ALIGNMENT(.ARM.exidx*) SORT_BY_ALIGNMENT(.gnu.linkonce.armexidx.*))
                0x00000000000102cc                __exidx_end = .
                0x00000000000102cc                _etext = .

.m_usb_data
 *(SORT_BY_ALIGNMENT(m_usb_global))

.data_RAM2      0x0000000020040000        0x0 load address 0x00000000000102cc
 FILL mask 0xff
                [!provide]                        PROVIDE (__start_data_RAM2 = .)
                [!provide]                        PROVIDE (__start_data_SRAM4 = .)
 *(SORT_BY_ALIGNMENT(.ramfunc.$RAM2))
 *(SORT_BY_ALIGNMENT(.ramfunc.$SRAM4))
 *(SORT_BY_ALIGNMENT(.data.$RAM2))
 *(SORT_BY_ALIGNMENT(.data.$SRAM4))
 *(SORT_BY_ALIGNMENT(.data.$RAM2.*))
 *(SORT_BY_ALIGNMENT(.data.$SRAM4.*))
                0x0000000020040000                . = ALIGN (0x4)
                [!provide]                        PROVIDE (__end_data_RAM2 = .)
                [!provide]                        PROVIDE (__end_data_SRAM4 = .)

.data_RAM3      0x0000000004000000        0x0 load address 0x00000000000102cc
 FILL mask 0xff
                [!provide]                        PROVIDE (__start_data_RAM3 = .)
                [!provide]                        PROVIDE (__start_data_SRAMX = .)
 *(SORT_BY_ALIGNMENT(.ramfunc.$RAM3))
 *(SORT_BY_ALIGNMENT(.ramfunc.$SRAMX))
 *(SORT_BY_ALIGNMENT(.data.$RAM3))
 *(SORT_BY_ALIGNMENT(.data.$SRAMX))
 *(SORT_BY_ALIGNMENT(.data.$RAM3.*))
 *(SORT_BY_ALIGNMENT(.data.$SRAMX.*))
                0x0000000004000000                . = ALIGN (0x4)
                [!provide]                        PROVIDE (__end_data_RAM3 = .)
                [!provide]                        PROVIDE (__end_data_SRAMX = .)

.data_RAM4      0x0000000040100000        0x0 load address 0x00000000000102cc
 FILL mask 0xff
                [!provide]                        PROVIDE (__start_data_RAM4 = .)
                [!provide]                        PROVIDE (__start_data_USB_RAM = .)
 *(SORT_BY_ALIGNMENT(.ramfunc.$RAM4))
 *(SORT_BY_ALIGNMENT(.ramfunc.$USB_RAM))
 *(SORT_BY_ALIGNMENT(.data.$RAM4))
 *(SORT_BY_ALIGNMENT(.data.$USB_RAM))
 *(SORT_BY_ALIGNMENT(.data.$RAM4.*))
 *(SORT_BY_ALIGNMENT(.data.$USB_RAM.*))
                0x0000000040100000                . = ALIGN (0x4)
                [!provide]                        PROVIDE (__end_data_RAM4 = .)
                [!provide]                        PROVIDE (__end_data_USB_RAM = .)

.uninit_RESERVED
                0x0000000020000000        0x0
                0x0000000020000000                _start_uninit_RESERVED = .
 *(SORT_BY_ALIGNMENT(.bss.$RESERVED*))
                0x0000000020000000                . = ALIGN (0x4)
                0x0000000020000000                _end_uninit_RESERVED = .

.data           0x0000000020000000       0x14 load address 0x00000000000102cc
 FILL mask 0xff
                0x0000000020000000                _data = .
                [!provide]                        PROVIDE (__start_data_RAM = .)
                [!provide]                        PROVIDE (__start_data_SRAM = .)
 *(SORT_BY_ALIGNMENT(vtable))
 *(SORT_BY_ALIGNMENT(.ramfunc*))
 *(SORT_BY_ALIGNMENT(CodeQuickAccess))
 *(SORT_BY_ALIGNMENT(DataQuickAccess))
 *(SORT_BY_ALIGNMENT(RamFunction))
 *(SORT_BY_ALIGNMENT(.data*))
 .data.s_Ext_Clk_Freq
                0x0000000020000000        0x4 ./drivers/fsl_clock.o
 .data.SystemCoreClock
                0x0000000020000004        0x4 ./device/system_LPC55S69_cm33_core0.o
                0x0000000020000004                SystemCoreClock
 .data.RTC_dateTimeStruct
                0x0000000020000008        0x8 ./board/peripherals.o
                0x0000000020000008                RTC_dateTimeStruct
 .data.col      0x0000000020000010        0x2 ./source/zzz.o
                0x0000000020000010                col
 .data.Mode     0x0000000020000012        0x1 ./source/zzz.o
                0x0000000020000012                Mode
                0x0000000020000014                . = ALIGN (0x4)
 *fill*         0x0000000020000013        0x1 ff
                0x0000000020000014                _edata = .
                [!provide]                        PROVIDE (__end_data_RAM = .)
                [!provide]                        PROVIDE (__end_data_SRAM = .)

.igot.plt       0x0000000020000014        0x0 load address 0x00000000000102e0
 .igot.plt      0x0000000020000014        0x0 ./startup/startup_lpc55s69_cm33_core0.o

.bss_RAM2       0x0000000020040000        0x0
                [!provide]                        PROVIDE (__start_bss_RAM2 = .)
                [!provide]                        PROVIDE (__start_bss_SRAM4 = .)
 *(SORT_BY_ALIGNMENT(.bss.$RAM2))
 *(SORT_BY_ALIGNMENT(.bss.$SRAM4))
 *(SORT_BY_ALIGNMENT(.bss.$RAM2.*))
 *(SORT_BY_ALIGNMENT(.bss.$SRAM4.*))
                0x0000000020040000                . = ALIGN ((. != 0x0)?0x4:0x1)
                [!provide]                        PROVIDE (__end_bss_RAM2 = .)
                [!provide]                        PROVIDE (__end_bss_SRAM4 = .)

.bss_RAM3       0x0000000004000000        0x0
                [!provide]                        PROVIDE (__start_bss_RAM3 = .)
                [!provide]                        PROVIDE (__start_bss_SRAMX = .)
 *(SORT_BY_ALIGNMENT(.bss.$RAM3))
 *(SORT_BY_ALIGNMENT(.bss.$SRAMX))
 *(SORT_BY_ALIGNMENT(.bss.$RAM3.*))
 *(SORT_BY_ALIGNMENT(.bss.$SRAMX.*))
                0x0000000004000000                . = ALIGN ((. != 0x0)?0x4:0x1)
                [!provide]                        PROVIDE (__end_bss_RAM3 = .)
                [!provide]                        PROVIDE (__end_bss_SRAMX = .)

.bss_RAM4       0x0000000040100000        0x0
                [!provide]                        PROVIDE (__start_bss_RAM4 = .)
                [!provide]                        PROVIDE (__start_bss_USB_RAM = .)
 *(SORT_BY_ALIGNMENT(.bss.$RAM4))
 *(SORT_BY_ALIGNMENT(.bss.$USB_RAM))
 *(SORT_BY_ALIGNMENT(.bss.$RAM4.*))
 *(SORT_BY_ALIGNMENT(.bss.$USB_RAM.*))
                0x0000000040100000                . = ALIGN ((. != 0x0)?0x4:0x1)
                [!provide]                        PROVIDE (__end_bss_RAM4 = .)
                [!provide]                        PROVIDE (__end_bss_USB_RAM = .)

.bss            0x0000000020000014     0xa59c
                0x0000000020000014                _bss = .
                [!provide]                        PROVIDE (__start_bss_RAM = .)
                [!provide]                        PROVIDE (__start_bss_SRAM = .)
 *(SORT_BY_ALIGNMENT(.bss*))
 .bss.SPI_base  0x0000000020000014        0x4 ./source/lcd.o
                0x0000000020000014                SPI_base
 .bss.FrameBuffer
                0x0000000020000018     0xa000 ./source/lcd.o
                0x0000000020000018                FrameBuffer
 .bss.L_FrameBuffer
                0x000000002000a018        0x4 ./source/lcd.o
                0x000000002000a018                L_FrameBuffer
 .bss.s_chDispalyBuffer
                0x000000002000a01c      0x400 ./source/lcd.o
 .bss.sbuff     0x000000002000a41c       0x20 ./source/zzz.o
                0x000000002000a41c                sbuff
 .bss.s_Pll0_Freq
                0x000000002000a43c        0x4 ./drivers/fsl_clock.o
 .bss.s_ctimerCallback
                0x000000002000a440       0x14 ./drivers/fsl_ctimer.o
 .bss.ctimerCallbackType
                0x000000002000a454        0x5 ./drivers/fsl_ctimer.o
 *fill*         0x000000002000a459        0x3 
 .bss.s_flexcommIrqHandler
                0x000000002000a45c       0x24 ./drivers/fsl_flexcomm.o
 .bss.s_flexcommHandle
                0x000000002000a480       0x24 ./drivers/fsl_flexcomm.o
 .bss.s_secpintCallback
                0x000000002000a4a4        0x8 ./drivers/fsl_pint.o
 .bss.s_pintCallback
                0x000000002000a4ac       0x20 ./drivers/fsl_pint.o
 .bss.g_configs
                0x000000002000a4cc       0x12 ./drivers/fsl_spi.o
 *fill*         0x000000002000a4de        0x2 
 .bss.s_dummyData
                0x000000002000a4e0        0x9 ./drivers/fsl_spi.o
                0x000000002000a4e0                s_dummyData
 *fill*         0x000000002000a4e9        0x3 
 .bss.__Ciob    0x000000002000a4ec       0xb4 /usr/local/mcuxpressoide-11.2.1_4149/ide/plugins/com.nxp.mcuxpresso.tools.linux_11.2.0.202001021529/tools/bin/../lib/gcc/arm-none-eabi/9.2.1/../../../../arm-none-eabi/lib/thumb/v8-m.main+fp/hard/libcr_semihost_nf.a(__ciob.o)
                0x000000002000a4ec                __Ciob
 .bss.__end_of_heap
                0x000000002000a5a0        0x4 /usr/local/mcuxpressoide-11.2.1_4149/ide/plugins/com.nxp.mcuxpresso.tools.linux_11.2.0.202001021529/tools/bin/../lib/gcc/arm-none-eabi/9.2.1/../../../../arm-none-eabi/lib/thumb/v8-m.main+fp/hard/libcr_c.a(__init_alloc.o)
                0x000000002000a5a0                __end_of_heap
 .bss.__heaps   0x000000002000a5a4        0x4 /usr/local/mcuxpressoide-11.2.1_4149/ide/plugins/com.nxp.mcuxpresso.tools.linux_11.2.0.202001021529/tools/bin/../lib/gcc/arm-none-eabi/9.2.1/../../../../arm-none-eabi/lib/thumb/v8-m.main+fp/hard/libcr_c.a(__init_alloc.o)
                0x000000002000a5a4                __heaps
 .bss.errno     0x000000002000a5a8        0x4 /usr/local/mcuxpressoide-11.2.1_4149/ide/plugins/com.nxp.mcuxpresso.tools.linux_11.2.0.202001021529/tools/bin/../lib/gcc/arm-none-eabi/9.2.1/../../../../arm-none-eabi/lib/thumb/v8-m.main+fp/hard/libcr_c.a(errno.o)
                0x000000002000a5a8                errno
 .bss.mode      0x000000002000a5ac        0x1 ./source/zzz.o
                0x000000002000a5ac                mode
 .bss.Set       0x000000002000a5ad        0x1 ./source/zzz.o
                0x000000002000a5ad                Set
 *(SORT_BY_ALIGNMENT(COMMON))
                0x000000002000a5b0                . = ALIGN (0x4)
 *fill*         0x000000002000a5ae        0x2 
                0x000000002000a5b0                _ebss = .
                [!provide]                        PROVIDE (__end_bss_RAM = .)
                [!provide]                        PROVIDE (__end_bss_SRAM = .)
                [!provide]                        PROVIDE (end = .)

.noinit_RAM2    0x0000000020040000        0x0
                [!provide]                        PROVIDE (__start_noinit_RAM2 = .)
                [!provide]                        PROVIDE (__start_noinit_SRAM4 = .)
 *(SORT_BY_ALIGNMENT(.noinit.$RAM2))
 *(SORT_BY_ALIGNMENT(.noinit.$SRAM4))
 *(SORT_BY_ALIGNMENT(.noinit.$RAM2.*))
 *(SORT_BY_ALIGNMENT(.noinit.$SRAM4.*))
                0x0000000020040000                . = ALIGN (0x4)
                [!provide]                        PROVIDE (__end_noinit_RAM2 = .)
                [!provide]                        PROVIDE (__end_noinit_SRAM4 = .)

.noinit_RAM3    0x0000000004000000        0x0
                [!provide]                        PROVIDE (__start_noinit_RAM3 = .)
                [!provide]                        PROVIDE (__start_noinit_SRAMX = .)
 *(SORT_BY_ALIGNMENT(.noinit.$RAM3))
 *(SORT_BY_ALIGNMENT(.noinit.$SRAMX))
 *(SORT_BY_ALIGNMENT(.noinit.$RAM3.*))
 *(SORT_BY_ALIGNMENT(.noinit.$SRAMX.*))
                0x0000000004000000                . = ALIGN (0x4)
                [!provide]                        PROVIDE (__end_noinit_RAM3 = .)
                [!provide]                        PROVIDE (__end_noinit_SRAMX = .)

.noinit_RAM4    0x0000000040100000        0x0
                [!provide]                        PROVIDE (__start_noinit_RAM4 = .)
                [!provide]                        PROVIDE (__start_noinit_USB_RAM = .)
 *(SORT_BY_ALIGNMENT(.noinit.$RAM4))
 *(SORT_BY_ALIGNMENT(.noinit.$USB_RAM))
 *(SORT_BY_ALIGNMENT(.noinit.$RAM4.*))
 *(SORT_BY_ALIGNMENT(.noinit.$USB_RAM.*))
                0x0000000040100000                . = ALIGN (0x4)
                [!provide]                        PROVIDE (__end_noinit_RAM4 = .)
                [!provide]                        PROVIDE (__end_noinit_USB_RAM = .)

.noinit         0x000000002000a5b0        0x0
                0x000000002000a5b0                _noinit = .
                [!provide]                        PROVIDE (__start_noinit_RAM = .)
                [!provide]                        PROVIDE (__start_noinit_SRAM = .)
 *(SORT_BY_ALIGNMENT(.noinit*))
                0x000000002000a5b0                . = ALIGN (0x4)
                0x000000002000a5b0                _end_noinit = .
                [!provide]                        PROVIDE (__end_noinit_RAM = .)
                [!provide]                        PROVIDE (__end_noinit_SRAM = .)
                0x0000000000001000                _HeapSize = 0x1000

.heap           0x000000002000a5b0     0x1000
                0x000000002000a5b0                _pvHeapStart = .
                0x000000002000b5b0                . = (. + _HeapSize)
 *fill*         0x000000002000a5b0     0x1000 
                0x000000002000b5b0                . = ALIGN (0x4)
                0x000000002000b5b0                _pvHeapLimit = .
                0x0000000000001000                _StackSize = 0x1000

.heap2stackfill
                0x000000002000b5b0     0x1000
                0x000000002000c5b0                . = (. + _StackSize)
 *fill*         0x000000002000b5b0     0x1000 

.stack          0x000000002003f000        0x0
                0x000000002003f000                _vStackBase = .
                0x000000002003f000                . = ALIGN (0x4)
                0x0000000020040000                _vStackTop = (. + _StackSize)
                [!provide]                        PROVIDE (__valid_user_code_checksum = (0x0 - ((((((_vStackTop + (ResetISR + 0x1)) + (NMI_Handler + 0x1)) + (HardFault_Handler + 0x1)) + (DEFINED (MemManage_Handler)?MemManage_Handler:0x0 + 0x1)) + (DEFINED (BusFault_Handler)?BusFault_Handler:0x0 + 0x1)) + (DEFINED (UsageFault_Handler)?UsageFault_Handler:0x0 + 0x1))))
                0x0000000000000000                _image_start = LOADADDR (.text)
                0x00000000000102e0                _image_end = (LOADADDR (.data) + SIZEOF (.data))
                0x00000000000102e0                _image_size = (_image_end - _image_start)
OUTPUT(zegarLCD.axf elf32-littlearm)

.debug_info     0x0000000000000000    0x1d19d
 .debug_info    0x0000000000000000      0x6fb ./startup/startup_lpc55s69_cm33_core0.o
 .debug_info    0x00000000000006fb     0x12fb ./source/lcd.o
 .debug_info    0x00000000000019f6       0x3c ./source/semihost_hardfault.o
 .debug_info    0x0000000000001a32     0x135e ./source/zzz.o
 .debug_info    0x0000000000002d90     0x31a0 ./drivers/fsl_clock.o
 .debug_info    0x0000000000005f30      0x2a8 ./drivers/fsl_common.o
 .debug_info    0x00000000000061d8     0x21a0 ./drivers/fsl_ctimer.o
 .debug_info    0x0000000000008378     0x19ec ./drivers/fsl_flexcomm.o
 .debug_info    0x0000000000009d64     0x171a ./drivers/fsl_gpio.o
 .debug_info    0x000000000000b47e     0x1e87 ./drivers/fsl_inputmux.o
 .debug_info    0x000000000000d305     0x224b ./drivers/fsl_pint.o
 .debug_info    0x000000000000f550      0xf17 ./drivers/fsl_reset.o
 .debug_info    0x0000000000010467     0x151d ./drivers/fsl_rtc.o
 .debug_info    0x0000000000011984     0x1963 ./drivers/fsl_spi.o
 .debug_info    0x00000000000132e7     0x13b5 ./device/system_LPC55S69_cm33_core0.o
 .debug_info    0x000000000001469c      0xa4b ./board/board.o
 .debug_info    0x00000000000150e7     0x15ef ./board/clock_config.o
 .debug_info    0x00000000000166d6     0x1524 ./board/peripherals.o
 .debug_info    0x0000000000017bfa     0x20dd ./board/pin_mux.o
 .debug_info    0x0000000000019cd7     0x34c6 /home/kama/Documents/MCUXpresso_11.2.1_4149/workspace/zegarLCD/libs/libpower_hardabi.a(fsl_power_lib.o)

.debug_abbrev   0x0000000000000000     0x2ffb
 .debug_abbrev  0x0000000000000000      0x15a ./startup/startup_lpc55s69_cm33_core0.o
 .debug_abbrev  0x000000000000015a      0x30c ./source/lcd.o
 .debug_abbrev  0x0000000000000466       0x31 ./source/semihost_hardfault.o
 .debug_abbrev  0x0000000000000497      0x2bd ./source/zzz.o
 .debug_abbrev  0x0000000000000754      0x38c ./drivers/fsl_clock.o
 .debug_abbrev  0x0000000000000ae0      0x153 ./drivers/fsl_common.o
 .debug_abbrev  0x0000000000000c33      0x37c ./drivers/fsl_ctimer.o
 .debug_abbrev  0x0000000000000faf      0x2d6 ./drivers/fsl_flexcomm.o
 .debug_abbrev  0x0000000000001285      0x244 ./drivers/fsl_gpio.o
 .debug_abbrev  0x00000000000014c9      0x209 ./drivers/fsl_inputmux.o
 .debug_abbrev  0x00000000000016d2      0x30c ./drivers/fsl_pint.o
 .debug_abbrev  0x00000000000019de      0x195 ./drivers/fsl_reset.o
 .debug_abbrev  0x0000000000001b73      0x2e5 ./drivers/fsl_rtc.o
 .debug_abbrev  0x0000000000001e58      0x31f ./drivers/fsl_spi.o
 .debug_abbrev  0x0000000000002177      0x1fa ./device/system_LPC55S69_cm33_core0.o
 .debug_abbrev  0x0000000000002371      0x172 ./board/board.o
 .debug_abbrev  0x00000000000024e3      0x212 ./board/clock_config.o
 .debug_abbrev  0x00000000000026f5      0x216 ./board/peripherals.o
 .debug_abbrev  0x000000000000290b      0x25c ./board/pin_mux.o
 .debug_abbrev  0x0000000000002b67      0x494 /home/kama/Documents/MCUXpresso_11.2.1_4149/workspace/zegarLCD/libs/libpower_hardabi.a(fsl_power_lib.o)

.debug_aranges  0x0000000000000000      0xc70
 .debug_aranges
                0x0000000000000000      0x268 ./startup/startup_lpc55s69_cm33_core0.o
 .debug_aranges
                0x0000000000000268       0xb0 ./source/lcd.o
 .debug_aranges
                0x0000000000000318       0x20 ./source/semihost_hardfault.o
 .debug_aranges
                0x0000000000000338       0x48 ./source/zzz.o
 .debug_aranges
                0x0000000000000380      0x220 ./drivers/fsl_clock.o
 .debug_aranges
                0x00000000000005a0       0x38 ./drivers/fsl_common.o
 .debug_aranges
                0x00000000000005d8       0xd8 ./drivers/fsl_ctimer.o
 .debug_aranges
                0x00000000000006b0       0x90 ./drivers/fsl_flexcomm.o
 .debug_aranges
                0x0000000000000740       0x30 ./drivers/fsl_gpio.o
 .debug_aranges
                0x0000000000000770       0x40 ./drivers/fsl_inputmux.o
 .debug_aranges
                0x00000000000007b0      0x118 ./drivers/fsl_pint.o
 .debug_aranges
                0x00000000000008c8       0x30 ./drivers/fsl_reset.o
 .debug_aranges
                0x00000000000008f8       0x68 ./drivers/fsl_rtc.o
 .debug_aranges
                0x0000000000000960       0xe8 ./drivers/fsl_spi.o
 .debug_aranges
                0x0000000000000a48       0x88 ./device/system_LPC55S69_cm33_core0.o
 .debug_aranges
                0x0000000000000ad0       0x30 ./board/board.o
 .debug_aranges
                0x0000000000000b00       0x50 ./board/clock_config.o
 .debug_aranges
                0x0000000000000b50       0x58 ./board/peripherals.o
 .debug_aranges
                0x0000000000000ba8       0x38 ./board/pin_mux.o
 .debug_aranges
                0x0000000000000be0       0x90 /home/kama/Documents/MCUXpresso_11.2.1_4149/workspace/zegarLCD/libs/libpower_hardabi.a(fsl_power_lib.o)

.debug_ranges   0x0000000000000000      0xcb0
 .debug_ranges  0x0000000000000000      0x258 ./startup/startup_lpc55s69_cm33_core0.o
 .debug_ranges  0x0000000000000258       0xa0 ./source/lcd.o
 .debug_ranges  0x00000000000002f8       0x10 ./source/semihost_hardfault.o
 .debug_ranges  0x0000000000000308       0x38 ./source/zzz.o
 .debug_ranges  0x0000000000000340      0x210 ./drivers/fsl_clock.o
 .debug_ranges  0x0000000000000550       0x28 ./drivers/fsl_common.o
 .debug_ranges  0x0000000000000578       0xc8 ./drivers/fsl_ctimer.o
 .debug_ranges  0x0000000000000640       0x80 ./drivers/fsl_flexcomm.o
 .debug_ranges  0x00000000000006c0       0x20 ./drivers/fsl_gpio.o
 .debug_ranges  0x00000000000006e0       0x30 ./drivers/fsl_inputmux.o
 .debug_ranges  0x0000000000000710      0x108 ./drivers/fsl_pint.o
 .debug_ranges  0x0000000000000818       0x20 ./drivers/fsl_reset.o
 .debug_ranges  0x0000000000000838       0x58 ./drivers/fsl_rtc.o
 .debug_ranges  0x0000000000000890       0xf0 ./drivers/fsl_spi.o
 .debug_ranges  0x0000000000000980       0x78 ./device/system_LPC55S69_cm33_core0.o
 .debug_ranges  0x00000000000009f8       0x20 ./board/board.o
 .debug_ranges  0x0000000000000a18       0x40 ./board/clock_config.o
 .debug_ranges  0x0000000000000a58       0x48 ./board/peripherals.o
 .debug_ranges  0x0000000000000aa0       0x28 ./board/pin_mux.o
 .debug_ranges  0x0000000000000ac8      0x1e8 /home/kama/Documents/MCUXpresso_11.2.1_4149/workspace/zegarLCD/libs/libpower_hardabi.a(fsl_power_lib.o)

.debug_macro    0x0000000000000000     0x2bc6
 .debug_macro   0x0000000000000000       0x29 ./startup/startup_lpc55s69_cm33_core0.o
 .debug_macro   0x0000000000000029      0x15a ./source/lcd.o
 .debug_macro   0x0000000000000183       0x1c ./source/lcd.o
 .debug_macro   0x000000000000019f       0x22 ./source/lcd.o
 .debug_macro   0x00000000000001c1       0x10 ./source/lcd.o
 .debug_macro   0x00000000000001d1       0x46 ./source/lcd.o
 .debug_macro   0x0000000000000217       0x10 ./source/lcd.o
 .debug_macro   0x0000000000000227      0x156 ./source/lcd.o
 .debug_macro   0x000000000000037d      0x36a ./source/lcd.o
 .debug_macro   0x00000000000006e7       0x28 ./source/lcd.o
 .debug_macro   0x000000000000070f       0x11 ./source/semihost_hardfault.o
 .debug_macro   0x0000000000000720      0x22d ./source/zzz.o
 .debug_macro   0x000000000000094d       0xd8 ./source/zzz.o
 .debug_macro   0x0000000000000a25       0x2f ./source/zzz.o
 .debug_macro   0x0000000000000a54       0xf6 ./source/zzz.o
 .debug_macro   0x0000000000000b4a      0x240 ./source/zzz.o
 .debug_macro   0x0000000000000d8a       0x10 ./source/zzz.o
 .debug_macro   0x0000000000000d9a       0x76 ./source/zzz.o
 .debug_macro   0x0000000000000e10       0x40 ./source/zzz.o
 .debug_macro   0x0000000000000e50       0x2e ./source/zzz.o
 .debug_macro   0x0000000000000e7e       0xc4 ./source/zzz.o
 .debug_macro   0x0000000000000f42      0x16f ./source/zzz.o
 .debug_macro   0x00000000000010b1       0xc8 ./source/zzz.o
 .debug_macro   0x0000000000001179      0x1bd ./drivers/fsl_clock.o
 .debug_macro   0x0000000000001336      0x304 ./drivers/fsl_clock.o
 .debug_macro   0x000000000000163a      0x124 ./drivers/fsl_common.o
 .debug_macro   0x000000000000175e      0x12e ./drivers/fsl_ctimer.o
 .debug_macro   0x000000000000188c      0x127 ./drivers/fsl_flexcomm.o
 .debug_macro   0x00000000000019b3      0x12e ./drivers/fsl_gpio.o
 .debug_macro   0x0000000000001ae1      0x131 ./drivers/fsl_inputmux.o
 .debug_macro   0x0000000000001c12       0x70 ./drivers/fsl_inputmux.o
 .debug_macro   0x0000000000001c82      0x12d ./drivers/fsl_pint.o
 .debug_macro   0x0000000000001daf       0x70 ./drivers/fsl_pint.o
 .debug_macro   0x0000000000001e1f      0x11e ./drivers/fsl_reset.o
 .debug_macro   0x0000000000001f3d      0x152 ./drivers/fsl_rtc.o
 .debug_macro   0x000000000000208f      0x14e ./drivers/fsl_spi.o
 .debug_macro   0x00000000000021dd       0xc1 ./device/system_LPC55S69_cm33_core0.o
 .debug_macro   0x000000000000229e      0x19a ./board/board.o
 .debug_macro   0x0000000000002438       0x16 ./board/board.o
 .debug_macro   0x000000000000244e       0x35 ./board/board.o
 .debug_macro   0x0000000000002483      0x13e ./board/clock_config.o
 .debug_macro   0x00000000000025c1      0x2fe ./board/clock_config.o
 .debug_macro   0x00000000000028bf      0x151 ./board/peripherals.o
 .debug_macro   0x0000000000002a10      0x14c ./board/pin_mux.o
 .debug_macro   0x0000000000002b5c       0x6a ./board/pin_mux.o

.debug_line     0x0000000000000000     0x9b52
 .debug_line    0x0000000000000000      0x6ab ./startup/startup_lpc55s69_cm33_core0.o
 .debug_line    0x00000000000006ab      0x9d4 ./source/lcd.o
 .debug_line    0x000000000000107f       0x59 ./source/semihost_hardfault.o
 .debug_line    0x00000000000010d8      0x8af ./source/zzz.o
 .debug_line    0x0000000000001987     0x16a2 ./drivers/fsl_clock.o
 .debug_line    0x0000000000003029      0x405 ./drivers/fsl_common.o
 .debug_line    0x000000000000342e      0x8a6 ./drivers/fsl_ctimer.o
 .debug_line    0x0000000000003cd4      0x5fa ./drivers/fsl_flexcomm.o
 .debug_line    0x00000000000042ce      0x3c3 ./drivers/fsl_gpio.o
 .debug_line    0x0000000000004691      0x404 ./drivers/fsl_inputmux.o
 .debug_line    0x0000000000004a95      0xc4f ./drivers/fsl_pint.o
 .debug_line    0x00000000000056e4      0x3cc ./drivers/fsl_reset.o
 .debug_line    0x0000000000005ab0      0x674 ./drivers/fsl_rtc.o
 .debug_line    0x0000000000006124      0xeac ./drivers/fsl_spi.o
 .debug_line    0x0000000000006fd0      0x6b4 ./device/system_LPC55S69_cm33_core0.o
 .debug_line    0x0000000000007684      0x53a ./board/board.o
 .debug_line    0x0000000000007bbe      0x4e9 ./board/clock_config.o
 .debug_line    0x00000000000080a7      0x4b2 ./board/peripherals.o
 .debug_line    0x0000000000008559      0x533 ./board/pin_mux.o
 .debug_line    0x0000000000008a8c     0x10c6 /home/kama/Documents/MCUXpresso_11.2.1_4149/workspace/zegarLCD/libs/libpower_hardabi.a(fsl_power_lib.o)

.debug_str      0x0000000000000000    0xbc68b
 .debug_str     0x0000000000000000     0x35a6 ./startup/startup_lpc55s69_cm33_core0.o
                                       0x3615 (size before relaxing)
 .debug_str     0x00000000000035a6    0xaad51 ./source/lcd.o
                                      0xaddac (size before relaxing)
 .debug_str     0x00000000000ae2f7       0x1f ./source/semihost_hardfault.o
                                       0x2f43 (size before relaxing)
 .debug_str     0x00000000000ae316     0x367a ./source/zzz.o
                                      0xb128b (size before relaxing)
 .debug_str     0x00000000000b1990     0x41ca ./drivers/fsl_clock.o
                                      0xb0372 (size before relaxing)
 .debug_str     0x00000000000b5b5a      0x134 ./drivers/fsl_common.o
                                      0xab89f (size before relaxing)
 .debug_str     0x00000000000b5c8e      0xdc2 ./drivers/fsl_ctimer.o
                                      0xadf7c (size before relaxing)
 .debug_str     0x00000000000b6a50      0x2dc ./drivers/fsl_flexcomm.o
                                      0xadad3 (size before relaxing)
 .debug_str     0x00000000000b6d2c      0x107 ./drivers/fsl_gpio.o
                                      0xad45f (size before relaxing)
 .debug_str     0x00000000000b6e33     0x30c9 ./drivers/fsl_inputmux.o
                                      0xaf4f3 (size before relaxing)
 .debug_str     0x00000000000b9efc      0x82f ./drivers/fsl_pint.o
                                      0xae427 (size before relaxing)
 .debug_str     0x00000000000ba72b       0xae ./drivers/fsl_reset.o
                                      0xac54c (size before relaxing)
 .debug_str     0x00000000000ba7d9      0x1e6 ./drivers/fsl_rtc.o
                                      0xacd43 (size before relaxing)
 .debug_str     0x00000000000ba9bf      0x7ba ./drivers/fsl_spi.o
                                      0xad592 (size before relaxing)
 .debug_str     0x00000000000bb179      0x203 ./device/system_LPC55S69_cm33_core0.o
                                      0xaa32c (size before relaxing)
 .debug_str     0x00000000000bb37c       0xe1 ./board/board.o
                                      0xaecbd (size before relaxing)
 .debug_str     0x00000000000bb45d       0xac ./board/clock_config.o
                                      0xae4a1 (size before relaxing)
 .debug_str     0x00000000000bb509       0x8f ./board/peripherals.o
                                      0xadafc (size before relaxing)
 .debug_str     0x00000000000bb598       0xc3 ./board/pin_mux.o
                                      0xb01ae (size before relaxing)
 .debug_str     0x00000000000bb65b     0x1030 /home/kama/Documents/MCUXpresso_11.2.1_4149/workspace/zegarLCD/libs/libpower_hardabi.a(fsl_power_lib.o)
                                       0x31c0 (size before relaxing)

.comment        0x0000000000000000       0x79
 .comment       0x0000000000000000       0x79 ./startup/startup_lpc55s69_cm33_core0.o
                                         0x7a (size before relaxing)
 .comment       0x0000000000000079       0x7a ./source/lcd.o
 .comment       0x0000000000000079       0x7a ./source/semihost_hardfault.o
 .comment       0x0000000000000079       0x7a ./source/zzz.o
 .comment       0x0000000000000079       0x7a ./drivers/fsl_clock.o
 .comment       0x0000000000000079       0x7a ./drivers/fsl_common.o
 .comment       0x0000000000000079       0x7a ./drivers/fsl_ctimer.o
 .comment       0x0000000000000079       0x7a ./drivers/fsl_flexcomm.o
 .comment       0x0000000000000079       0x7a ./drivers/fsl_gpio.o
 .comment       0x0000000000000079       0x7a ./drivers/fsl_inputmux.o
 .comment       0x0000000000000079       0x7a ./drivers/fsl_pint.o
 .comment       0x0000000000000079       0x7a ./drivers/fsl_reset.o
 .comment       0x0000000000000079       0x7a ./drivers/fsl_rtc.o
 .comment       0x0000000000000079       0x7a ./drivers/fsl_spi.o
 .comment       0x0000000000000079       0x7a ./device/system_LPC55S69_cm33_core0.o
 .comment       0x0000000000000079       0x7a ./board/board.o
 .comment       0x0000000000000079       0x7a ./board/clock_config.o
 .comment       0x0000000000000079       0x7a ./board/peripherals.o