fsl_gpio.h:153:20:GPIO_PinWrite	24	static
lcd.c:132:6:LCD_7seg	48	static
lcd.c:158:6:SPI_Write_Byte	32	static
lcd.c:178:6:SPI_Write_Words	40	static
lcd.c:207:13:LCD_WriteReg	24	static
lcd.c:214:13:LCD_WriteData_8Bit	24	static
lcd.c:221:6:Driver_Delay_ms	24	static
lcd.c:226:13:LCD_InitReg	8	static
lcd.c:322:6:LCD_SetHome	8	static
lcd.c:340:6:LCD_GramRefresh	8	static
lcd.c:347:6:LCD_Init	16	static
lcd.c:372:6:LCD_Set_Bitmap	24	static
lcd.c:378:6:LCD_Clear	24	static
lcd.c:384:6:LCD_Draw_Point	16	static
lcd.c:389:6:LCD_Draw_Line	40	static
lcd.c:432:6:LCD_Puts	40	static
lcd.c:452:6:LCD_Draw_Circle	40	static
lcd.c:487:9:OLED_Get_Point	24	static
lcd.c:500:6:LCD_Invert_Rect	32	static
